Axiom audit: starting environment selection.
Axiom audit: 52186 project declarations selected.
Axiom audit: beginning UnitDistance.displacementPairs_card_le.
Axiom audit: beginning ClassFieldTower.Martinet.Shafarevich.algebraicClosureAlgEquivSeparableClosure._proof_1.
Axiom audit: beginning UnitDistance.ArithmeticProP.prime_dvd_sigma_product_iff.
Axiom audit: 500/52186 complete transitive axiom closures checked.
Axiom audit: 1000/52186 complete transitive axiom closures checked.
Axiom audit: 1500/52186 complete transitive axiom closures checked.
Axiom audit: 2000/52186 complete transitive axiom closures checked.
Axiom audit: 2500/52186 complete transitive axiom closures checked.
Axiom audit: 3000/52186 complete transitive axiom closures checked.
Axiom audit: 3500/52186 complete transitive axiom closures checked.
Axiom audit: 4000/52186 complete transitive axiom closures checked.
Axiom audit: 4500/52186 complete transitive axiom closures checked.
Axiom audit: 5000/52186 complete transitive axiom closures checked.
Axiom audit: 5500/52186 complete transitive axiom closures checked.
Axiom audit: 6000/52186 complete transitive axiom closures checked.
Axiom audit: 6500/52186 complete transitive axiom closures checked.
Axiom audit: 7000/52186 complete transitive axiom closures checked.
Axiom audit: 7500/52186 complete transitive axiom closures checked.
Axiom audit: 8000/52186 complete transitive axiom closures checked.
Axiom audit: 8500/52186 complete transitive axiom closures checked.
Axiom audit: 9000/52186 complete transitive axiom closures checked.
Axiom audit: 9500/52186 complete transitive axiom closures checked.
Axiom audit: 10000/52186 complete transitive axiom closures checked.
Axiom audit: 10500/52186 complete transitive axiom closures checked.
Axiom audit: 11000/52186 complete transitive axiom closures checked.
Axiom audit: 11500/52186 complete transitive axiom closures checked.
Axiom audit: 12000/52186 complete transitive axiom closures checked.
Axiom audit: 12500/52186 complete transitive axiom closures checked.
Axiom audit: 13000/52186 complete transitive axiom closures checked.
Axiom audit: 13500/52186 complete transitive axiom closures checked.
Axiom audit: 14000/52186 complete transitive axiom closures checked.
Axiom audit: 14500/52186 complete transitive axiom closures checked.
Axiom audit: 15000/52186 complete transitive axiom closures checked.
Axiom audit: 15500/52186 complete transitive axiom closures checked.
Axiom audit: 16000/52186 complete transitive axiom closures checked.
Axiom audit: 16500/52186 complete transitive axiom closures checked.
Axiom audit: 17000/52186 complete transitive axiom closures checked.
Axiom audit: 17500/52186 complete transitive axiom closures checked.
Axiom audit: 18000/52186 complete transitive axiom closures checked.
Axiom audit: 18500/52186 complete transitive axiom closures checked.
Axiom audit: 19000/52186 complete transitive axiom closures checked.
Axiom audit: 19500/52186 complete transitive axiom closures checked.
Axiom audit: 20000/52186 complete transitive axiom closures checked.
Axiom audit: 20500/52186 complete transitive axiom closures checked.
Axiom audit: 21000/52186 complete transitive axiom closures checked.
Axiom audit: 21500/52186 complete transitive axiom closures checked.
Axiom audit: 22000/52186 complete transitive axiom closures checked.
Axiom audit: 22500/52186 complete transitive axiom closures checked.
Axiom audit: 23000/52186 complete transitive axiom closures checked.
Axiom audit: 23500/52186 complete transitive axiom closures checked.
Axiom audit: 24000/52186 complete transitive axiom closures checked.
Axiom audit: 24500/52186 complete transitive axiom closures checked.
Axiom audit: 25000/52186 complete transitive axiom closures checked.
Axiom audit: 25500/52186 complete transitive axiom closures checked.
Axiom audit: 26000/52186 complete transitive axiom closures checked.
Axiom audit: 26500/52186 complete transitive axiom closures checked.
Axiom audit: 27000/52186 complete transitive axiom closures checked.
Axiom audit: 27500/52186 complete transitive axiom closures checked.
Axiom audit: 28000/52186 complete transitive axiom closures checked.
Axiom audit: 28500/52186 complete transitive axiom closures checked.
Axiom audit: 29000/52186 complete transitive axiom closures checked.
Axiom audit: 29500/52186 complete transitive axiom closures checked.
Axiom audit: 30000/52186 complete transitive axiom closures checked.
Axiom audit: 30500/52186 complete transitive axiom closures checked.
Axiom audit: 31000/52186 complete transitive axiom closures checked.
Axiom audit: 31500/52186 complete transitive axiom closures checked.
Axiom audit: 32000/52186 complete transitive axiom closures checked.
Axiom audit: 32500/52186 complete transitive axiom closures checked.
Axiom audit: 33000/52186 complete transitive axiom closures checked.
Axiom audit: 33500/52186 complete transitive axiom closures checked.
Axiom audit: 34000/52186 complete transitive axiom closures checked.
Axiom audit: 34500/52186 complete transitive axiom closures checked.
Axiom audit: 35000/52186 complete transitive axiom closures checked.
Axiom audit: 35500/52186 complete transitive axiom closures checked.
Axiom audit: 36000/52186 complete transitive axiom closures checked.
Axiom audit: 36500/52186 complete transitive axiom closures checked.
Axiom audit: 37000/52186 complete transitive axiom closures checked.
Axiom audit: 37500/52186 complete transitive axiom closures checked.
Axiom audit: 38000/52186 complete transitive axiom closures checked.
Axiom audit: 38500/52186 complete transitive axiom closures checked.
Axiom audit: 39000/52186 complete transitive axiom closures checked.
Axiom audit: 39500/52186 complete transitive axiom closures checked.
Axiom audit: 40000/52186 complete transitive axiom closures checked.
Axiom audit: 40500/52186 complete transitive axiom closures checked.
Axiom audit: 41000/52186 complete transitive axiom closures checked.
Axiom audit: 41500/52186 complete transitive axiom closures checked.
Axiom audit: 42000/52186 complete transitive axiom closures checked.
Axiom audit: 42500/52186 complete transitive axiom closures checked.
Axiom audit: 43000/52186 complete transitive axiom closures checked.
Axiom audit: 43500/52186 complete transitive axiom closures checked.
Axiom audit: 44000/52186 complete transitive axiom closures checked.
Axiom audit: 44500/52186 complete transitive axiom closures checked.
Axiom audit: 45000/52186 complete transitive axiom closures checked.
Axiom audit: 45500/52186 complete transitive axiom closures checked.
Axiom audit: 46000/52186 complete transitive axiom closures checked.
Axiom audit: 46500/52186 complete transitive axiom closures checked.
Axiom audit: 47000/52186 complete transitive axiom closures checked.
Axiom audit: 47500/52186 complete transitive axiom closures checked.
Axiom audit: 48000/52186 complete transitive axiom closures checked.
Axiom audit: 48500/52186 complete transitive axiom closures checked.
Axiom audit: 49000/52186 complete transitive axiom closures checked.
Axiom audit: 49500/52186 complete transitive axiom closures checked.
Axiom audit: 50000/52186 complete transitive axiom closures checked.
Axiom audit: 50500/52186 complete transitive axiom closures checked.
Axiom audit: 51000/52186 complete transitive axiom closures checked.
Axiom audit: 51500/52186 complete transitive axiom closures checked.
Axiom audit: 52000/52186 complete transitive axiom closures checked.
Axiom audit: starting environment selection.
Axiom audit: 32 project declarations selected.
Axiom audit: beginning UnitDistanceSqrt241Submission.CanonicalGenus.genusRoot_mem.
Axiom audit: beginning UnitDistanceSqrt241Submission.CanonicalGenus.baseRoot._proof_1.
Axiom audit: beginning UnitDistanceSqrt241Submission.CanonicalGenus.baseRoot_sq.
Audited all 52186 project declarations (including private auxiliaries and attributed ports); their complete transitive axiom union is [Quot.sound,
 Classical.choice,
 propext].
Audited all 32 project declarations (including private auxiliaries and attributed ports); their complete transitive axiom union is [Quot.sound,
 Classical.choice,
 propext].
'UnitDistance.Sqrt241.target_of_canonical_genus_zeta_bound' depends on axioms: [propext, Classical.choice, Quot.sound]
'UnitDistanceSqrt241Submission.target_of_canonical_genus_zeta_bound' depends on axioms: [propext,
 Classical.choice,
 Quot.sound]
