{
  "status": "PASS direct pointwise pure-quartic AFE row bound",
  "sigma": "12001/12000",
  "sector": 1920,
  "twist": -1,
  "degree": 4,
  "conductor": 57715257600,
  "gamma": [
    1,
    1,
    1,
    1
  ],
  "root_number": 1,
  "N": 1921920,
  "coefficients_generated": 1921920,
  "nonzero_coefficients": 26785,
  "precision_bits": 512,
  "python_flint_version": "0.9.0",
  "flint_version": "3.6.0",
  "A_finite": {
    "lower": {
      "mantissa": "8422363039265189777595605453509979666812663781204971543694908990721794456328447995543559434606744057421772553167492317427559479594617288396294764423097159",
      "exponent": -510
    },
    "upper": {
      "mantissa": "8422363039265189777595605453509979666812663781204971546308870238498068833653559025080430366949912515016735086163789197656313537149377087938235227926244167",
      "exponent": -510
    },
    "display": "[2.5126741323482692441436646271132668 +/- 4.18e-35]"
  },
  "B_finite": {
    "lower": {
      "mantissa": "12909020889717918191901853900270193574291098156730789675539503365284513069234919119664124540220417232113524836503691097527448454274901127913833717013213609",
      "exponent": -517
    },
    "upper": {
      "mantissa": "12909020889717918191901853900270193574291098156730790010126543080647633366849130900383603880145979804268729060029691766807967821284155469282213045416030633",
      "exponent": -517
    },
    "display": "[0.030087461344280462932060292257572466 +/- 4.66e-37]"
  },
  "A_direct_within_source_center_plus_interpolation_error": true,
  "B_direct_within_source_center_plus_interpolation_error": true,
  "bad_log_overlaps_printed": true,
  "tail_rankin_beta": "5/4",
  "one_side_tail_upper": {
    "lower": {
      "mantissa": "9489604512151400502325909192232985459411941219029143576044600347851583132907320458714684852391466790011966219698361216366183180038171588755494445161498369",
      "exponent": -541
    },
    "upper": {
      "mantissa": "9489604512151400502325909192232985459411941219029143576044600347851583132907320458714684852391466790011966219698361216366183180038171588755494445161498369",
      "exponent": -541
    },
    "display": "[1.3183188411585997346730580619162774e-9 +/- 8.09e-45]"
  },
  "L_modulus_upper": {
    "lower": {
      "mantissa": "2130803693450998479952335744911036386587231940233158283856743475883733162140601684245712371645853754823615138531544436930089375239359198637864798025131045",
      "exponent": -508
    },
    "upper": {
      "mantissa": "4261607386901996959904671489822072773174463880466316567713486951767466324281203368491424743291707509647230277063088873860178750478718397275729596050262091",
      "exponent": -509
    },
    "display": "[2.5427615963291873893929243887169553 +/- 4.86e-35]"
  },
  "bad_log_removal": {
    "lower": {
      "mantissa": "-11757401004594088256191824679037172169563034458358894851707025875107796733249621466492107013115173209593376704285698365175067060021830895529657745888670319",
      "exponent": -512
    },
    "upper": {
      "mantissa": "-11757401004594088256191824679037172169563034458358894851707025875107796733249621466492107013115173209593376704285698365175067060021830895529657745888670271",
      "exponent": -512
    },
    "display": "[-0.87690702805618317527659955292026592 +/- 4.13e-37]"
  },
  "log_L_S_upper": {
    "lower": {
      "mantissa": "12087129195933500621027117240132841180076908991082086473044814235801368881195913855289918397263809538200614935546099379297307801578362528377189519635691961",
      "exponent": -516
    },
    "upper": {
      "mantissa": "12087129195933500621027117240132841180076908991082086473044814235801368881195913855289918397263809538200614935546099379297307801578362528377189519635691961",
      "exponent": -516
    },
    "display": "[0.056343705003318770013297083706909639 +/- 6.90e-38]"
  },
  "printed_log_L_S_upper": {
    "lower": {
      "mantissa": "12087129195933500621027167228054427444323452867726109754096882702522061191006058624007523706499930568048540341442420043376788073165548062391694658454445799",
      "exponent": -516
    },
    "upper": {
      "mantissa": "12087129195933500621027167228054427444323452867726109754096882702522061191006058624007523706499930568048540341442420043376788073165548062391694658454446649",
      "exponent": -516
    },
    "display": "[0.056343705003318770013297316723754411 +/- 1.34e-37]"
  },
  "comparison_below_printed_allowance": true,
  "source_sha256": {
    "h7-analytic-kernel.py": "2b47df974b40453a1440df740bb011648c28a3297d4fc598eaa70d0121a34150",
    "h7-pure-quartic-afe.py": "0dc7bbafd9fe81660cb74b4f1a5ca0fefed6a622dd31c7f2241f7feae0919342",
    "numerics_hecke_coeff_check.py": "3759f993a31a0df05241d8faa546950dcf68b49ad4768339e4f56da4e7846329",
    "numerics_hecke_coeff_fixture.json": "db0e2050cf3e9a3d1f0b79f4481b55609b52fb071a2ade4c93acfc21e864a1ae",
    "h7-pure-arithmetic.json": "e1d892ba20f90bf6ea15e52f710ead0b8806a6db50d95792a76ebe2552183948",
    "h7-pure-moments.json": "c999ec7882f758e72f683fc3572406ed0d325ff674958e23a0349f322ecd84bf",
    "h7-pure-euler-12000.json": "441ecbc24ae113807de6de5b2e911c356c98c6df6947bdac7e94233cb49a2d3e"
  },
  "coefficient_method": "independent residue-character and local Euler recurrence; first 128 checked against pinned row",
  "kernel_method": "direct pointwise four-Gamma Mellin residue series at each nonzero coefficient; no degree-40 moment/bin interpolation",
  "conditional_assumptions": [
    "the pinned conductor, gamma signature, and unit root number describe an entire completed degree-four L-function with the stated functional equation",
    "the finite-image degree-four local Euler data imply |a_n| <= d_4(n) for all n, so the absolute Rankin mass is bounded by zeta(beta)^4",
    "the listed bad-prime denominators are the row's complete removed local factors"
  ],
  "scope": "Independent conditional numerical cross-check of one row; not a proof of the global hypothesis H or of the representation-to-row identity."
}
