ChallengeZeta241 rc=0 t=7s
SolutionZeta241 rc=0 t=8s
UnitDistance.Sqrt241 SKIP(no olean: outside closure)
UnitDistance.Sqrt241.Analytic.Bridge rc=0 t=7s
UnitDistance.Sqrt241.Analytic.Fibers rc=0 t=8s
UnitDistance.Sqrt241.Analytic.GenusBridge rc=0 t=7s
UnitDistance.Sqrt241.Analytic.Numerics rc=0 t=8s
UnitDistance.Sqrt241.Analytic.NumericsBasic rc=0 t=7s
UnitDistance.Sqrt241.Assembly rc=0 t=8s
UnitDistance.Sqrt241.Base.All SKIP(no olean: outside closure)
UnitDistance.Sqrt241.Base.ClassNumber rc=0 t=7s
UnitDistance.Sqrt241.Base.Completion SKIP(no olean: outside closure)
UnitDistance.Sqrt241.Base.Field rc=0 t=8s
UnitDistance.Sqrt241.Base.Integers rc=0 t=7s
UnitDistance.Sqrt241.Base.Local rc=0 t=8s
UnitDistance.Sqrt241.Base.LocalRoots rc=0 t=8s
UnitDistance.Sqrt241.Base.LocalValuation SKIP(no olean: outside closure)
UnitDistance.Sqrt241.Base.Primes rc=0 t=8s
UnitDistance.Sqrt241.Base.Residues rc=0 t=8s
UnitDistance.Sqrt241.Base.SUnits rc=0 t=7s
UnitDistance.Sqrt241.Base.Selmer rc=0 t=7s
UnitDistance.Sqrt241.Base.Signs rc=0 t=7s
UnitDistance.Sqrt241.Base.Units rc=0 t=8s
UnitDistance.Sqrt241.CanonicalGenus rc=0 t=6s
UnitDistance.Sqrt241.Cut.All SKIP(no olean: outside closure)
UnitDistance.Sqrt241.Cut.Basic rc=0 t=7s
UnitDistance.Sqrt241.Cut.BlockCosts rc=0 t=7s
UnitDistance.Sqrt241.Cut.CompletedPresentation rc=0 t=8s
UnitDistance.Sqrt241.Cut.Descent rc=0 t=7s
UnitDistance.Sqrt241.Cut.Dyadic rc=0 t=7s
UnitDistance.Sqrt241.Cut.Infinite rc=0 t=7s
UnitDistance.Sqrt241.Cut.Interface SKIP(no olean: outside closure)
UnitDistance.Sqrt241.Cut.LocalFamily rc=0 t=7s
UnitDistance.Sqrt241.Cut.LocalImages rc=0 t=8s
UnitDistance.Sqrt241.Cut.LocalWords rc=0 t=7s
UnitDistance.Sqrt241.Cut.RetainedParameter rc=0 t=7s
UnitDistance.Sqrt241.Cut.SigmaB SKIP(no olean: outside closure)
UnitDistance.Sqrt241.Discriminant.All SKIP(no olean: outside closure)
UnitDistance.Sqrt241.Discriminant.Dyadic rc=0 t=9s
UnitDistance.Sqrt241.Discriminant.DyadicModel rc=0 t=21s
UnitDistance.Sqrt241.Discriminant.Generic rc=0 t=8s
UnitDistance.Sqrt241.Discriminant.Horner rc=0 t=6s
UnitDistance.Sqrt241.Discriminant.NormFactorization rc=0 t=8s
UnitDistance.Sqrt241.Discriminant.RootDiscriminant rc=0 t=7s
UnitDistance.Sqrt241.Discriminant.RouteT SKIP(no olean: outside closure)
UnitDistance.Sqrt241.Discriminant.Tame rc=0 t=8s
UnitDistance.Sqrt241.DyadicLink.All rc=0 t=8s
UnitDistance.Sqrt241.DyadicLink.Comparison rc=0 t=10s
UnitDistance.Sqrt241.DyadicLink.Concrete rc=0 t=8s
UnitDistance.Sqrt241.DyadicLink.Kummer rc=0 t=9s
UnitDistance.Sqrt241.DyadicLink.Radical rc=0 t=14s
UnitDistance.Sqrt241.DyadicLink.RetainedField rc=0 t=8s
UnitDistance.Sqrt241.Final rc=0 t=8s
UnitDistance.Sqrt241.FiniteCertificates.All rc=0 t=7s
UnitDistance.Sqrt241.FiniteCertificates.Data rc=0 t=7s
UnitDistance.Sqrt241.FiniteCertificates.LogEnclosure rc=0 t=8s
UnitDistance.Sqrt241.FiniteCertificates.Prime2 rc=0 t=8s
UnitDistance.Sqrt241.FiniteCertificates.Prime29 rc=0 t=8s
UnitDistance.Sqrt241.FiniteCertificates.Prime3 rc=0 t=8s
UnitDistance.Sqrt241.FiniteCertificates.Prime5 rc=0 t=9s
UnitDistance.Sqrt241.FiniteCertificates.Prime7 rc=0 t=8s
UnitDistance.Sqrt241.FiniteFunctionalArithmetic rc=0 t=8s
UnitDistance.Sqrt241.FiniteFunctionalCertificate rc=0 t=7s
UnitDistance.Sqrt241.Generators.Frattini rc=0 t=8s
UnitDistance.Sqrt241.Generators.GenusInOmega rc=0 t=10s
UnitDistance.Sqrt241.Generators.Kummer rc=0 t=7s
UnitDistance.Sqrt241.Generators.Label rc=0 t=9s
UnitDistance.Sqrt241.Generators.Source rc=0 t=7s
UnitDistance.Sqrt241.Genus.Base rc=0 t=8s
UnitDistance.Sqrt241.Genus.Degree rc=0 t=7s
UnitDistance.Sqrt241.Genus.ExactTypes rc=0 t=7s
UnitDistance.Sqrt241.Genus.Frobenius rc=0 t=8s
UnitDistance.Sqrt241.Genus.Galois rc=0 t=7s
UnitDistance.Sqrt241.Genus.Integers rc=0 t=8s
UnitDistance.Sqrt241.Genus.Kummer rc=0 t=6s
UnitDistance.Sqrt241.Genus.Local rc=0 t=8s
UnitDistance.Sqrt241.Genus.LocalTypes rc=0 t=8s
UnitDistance.Sqrt241.Geometry.ArithmeticSequence rc=0 t=7s
UnitDistance.Sqrt241.Geometry.FixedBaseBridge rc=0 t=8s
UnitDistance.Sqrt241.Geometry.GaloisFixedField rc=0 t=7s
UnitDistance.Sqrt241.Geometry.GaussianMoments rc=0 t=8s
UnitDistance.Sqrt241.Geometry.GaussianProfiles rc=0 t=7s
UnitDistance.Sqrt241.Geometry.GaussianWindows rc=0 t=7s
UnitDistance.Sqrt241.Geometry.HeckeQuadraticContinuation rc=0 t=7s
UnitDistance.Sqrt241.Geometry.HeckeSignedArithmetic rc=0 t=7s
UnitDistance.Sqrt241.Geometry.HeckeSignedBochner rc=0 t=8s
UnitDistance.Sqrt241.Geometry.HeckeSignedEntire rc=0 t=7s
UnitDistance.Sqrt241.Geometry.HeckeSignedMassDifference rc=0 t=7s
UnitDistance.Sqrt241.Geometry.HeckeSignedMellinAgreement rc=0 t=7s
UnitDistance.Sqrt241.Geometry.HeckeSignedMellinClass rc=0 t=8s
UnitDistance.Sqrt241.Geometry.HeckeSignedMellinFinite rc=0 t=7s
UnitDistance.Sqrt241.Geometry.HeckeSignedMellinLattice rc=0 t=7s
UnitDistance.Sqrt241.Geometry.HeckeSignedMellinOrbit rc=0 t=7s
UnitDistance.Sqrt241.Geometry.HeckeSignedMellinTotal rc=0 t=7s
UnitDistance.Sqrt241.Geometry.HeckeSignedOddSupport rc=0 t=8s
UnitDistance.Sqrt241.Geometry.HeckeSignedThetaIdentities rc=0 t=7s
UnitDistance.Sqrt241.Geometry.ImaginaryQuadraticContinuation rc=0 t=7s
UnitDistance.Sqrt241.Geometry.ImaginaryRootUnramified rc=0 t=8s
UnitDistance.Sqrt241.Geometry.LocalOneDimensionalProfiles rc=0 t=7s
UnitDistance.Sqrt241.Geometry.QuadraticRootConjugation rc=0 t=7s
UnitDistance.Sqrt241.Geometry.QuadraticRootField rc=0 t=7s
UnitDistance.Sqrt241.Geometry.QuadraticRootIntegrality rc=0 t=7s
UnitDistance.Sqrt241.Geometry.QuadraticRootNormCongruence rc=0 t=7s
UnitDistance.Sqrt241.Geometry.RateCore rc=0 t=7s
UnitDistance.Sqrt241.Geometry.RelativeArithmeticAmplitude rc=0 t=8s
UnitDistance.Sqrt241.Geometry.RelativeFieldEnergy rc=0 t=7s
UnitDistance.Sqrt241.Geometry.RelativeFieldProfile rc=0 t=7s
UnitDistance.Sqrt241.Geometry.RelativeWitnessAmplitude rc=0 t=7s
UnitDistance.Sqrt241.Geometry.SIntegerMixedCoordinates rc=0 t=7s
UnitDistance.Sqrt241.Geometry.SIntegerMixedInvariance rc=0 t=8s
UnitDistance.Sqrt241.Geometry.SIntegerMixedOverlap rc=0 t=7s
UnitDistance.Sqrt241.Geometry.SIntegerPairedCoordinates rc=0 t=8s
UnitDistance.Sqrt241.Geometry.SIntegerProfileBound rc=0 t=7s
UnitDistance.Sqrt241.Geometry.SIntegerReferenceFiniteSteps rc=0 t=7s
UnitDistance.Sqrt241.Geometry.SIntegerReferenceRescaling rc=0 t=8s
UnitDistance.Sqrt241.Geometry.SIntegerWitnessConcentration rc=0 t=7s
UnitDistance.Sqrt241.Geometry.SIntegerWitnessGraph rc=0 t=8s
UnitDistance.Sqrt241.Geometry.SIntegerWitnessModel rc=0 t=7s
UnitDistance.Sqrt241.Geometry.SIntegerWitnessPeriodSeparation rc=0 t=8s
UnitDistance.Sqrt241.Geometry.SIntegerWitnessProfile rc=0 t=7s
UnitDistance.Sqrt241.Geometry.SIntegerWitnessVertices rc=0 t=7s
UnitDistance.Sqrt241.Geometry.SIntegerWitnessWindow rc=0 t=8s
UnitDistance.Sqrt241.Geometry.StudentComplexCoordinates rc=0 t=7s
UnitDistance.Sqrt241.Geometry.StudentComplexDecay rc=0 t=7s
UnitDistance.Sqrt241.Geometry.StudentComplexExtension rc=0 t=7s
UnitDistance.Sqrt241.Geometry.StudentComplexIntegral rc=0 t=7s
UnitDistance.Sqrt241.Geometry.StudentComplexMajorant rc=0 t=7s
UnitDistance.Sqrt241.Geometry.StudentComplexPolynomial rc=0 t=7s
UnitDistance.Sqrt241.Geometry.StudentComplexRealRestriction rc=0 t=7s
UnitDistance.Sqrt241.Geometry.StudentComplexSlices rc=0 t=8s
UnitDistance.Sqrt241.Geometry.StudentComplexTubeCertificate rc=0 t=7s
UnitDistance.Sqrt241.Geometry.StudentComplexTubeSegments rc=0 t=7s
UnitDistance.Sqrt241.Geometry.StudentFourierDirection rc=0 t=7s
UnitDistance.Sqrt241.Geometry.StudentFourierEnvelope rc=0 t=7s
UnitDistance.Sqrt241.Geometry.StudentFourierIntegrand rc=0 t=7s
UnitDistance.Sqrt241.Geometry.StudentFourierShift rc=0 t=7s
UnitDistance.Sqrt241.Geometry.StudentFourierSlices rc=0 t=8s
UnitDistance.Sqrt241.Geometry.StudentMoments rc=0 t=7s
UnitDistance.Sqrt241.Geometry.StudentOverlap rc=0 t=7s
UnitDistance.Sqrt241.Geometry.StudentProfiles rc=0 t=7s
UnitDistance.Sqrt241.Geometry.StudentSchwartzGrowth rc=0 t=7s
UnitDistance.Sqrt241.Geometry.StudentWindows rc=0 t=7s
UnitDistance.Sqrt241.Geometry.TensorEnergy rc=0 t=8s
UnitDistance.Sqrt241.Geometry.TensorFieldCoordinates rc=0 t=7s
UnitDistance.Sqrt241.Geometry.TensorFiniteFunctional rc=0 t=7s
UnitDistance.Sqrt241.Geometry.TensorFiniteOverlap rc=0 t=7s
UnitDistance.Sqrt241.Geometry.TensorFiniteProfiles rc=0 t=8s
UnitDistance.Sqrt241.Geometry.TensorFourier rc=0 t=7s
UnitDistance.Sqrt241.Geometry.TensorFunctional rc=0 t=7s
UnitDistance.Sqrt241.Geometry.TensorLocalMoments rc=0 t=7s
UnitDistance.Sqrt241.Geometry.TensorMixedCoordinates rc=0 t=7s
UnitDistance.Sqrt241.Geometry.TensorMixedLabelConcentration rc=0 t=8s
UnitDistance.Sqrt241.Geometry.TensorMixedLabels rc=0 t=7s
UnitDistance.Sqrt241.Geometry.TensorMixedOverlap rc=0 t=7s
UnitDistance.Sqrt241.Geometry.TensorMixedSupport rc=0 t=7s
UnitDistance.Sqrt241.Geometry.TensorMixedVolume rc=0 t=8s
UnitDistance.Sqrt241.Geometry.TensorOverlapCoordinates rc=0 t=7s
UnitDistance.Sqrt241.Geometry.TensorOverlapLaw rc=0 t=7s
UnitDistance.Sqrt241.Geometry.TensorOverlapMoments rc=0 t=7s
UnitDistance.Sqrt241.Geometry.TensorPhaseInvariance rc=0 t=7s
UnitDistance.Sqrt241.Geometry.WitnessFourierConstants rc=0 t=8s
UnitDistance.Sqrt241.Geometry.WitnessLocalFunctional rc=0 t=7s
UnitDistance.Sqrt241.Geometry.WitnessPeriodSeparation rc=0 t=7s
UnitDistance.Sqrt241.Geometry.WitnessPrimePairs rc=0 t=7s
UnitDistance.Sqrt241.GroupData.Basic rc=0 t=7s
UnitDistance.Sqrt241.GroupData.Data rc=0 t=6s
UnitDistance.Sqrt241.GroupData.DyadicMaps rc=0 t=43s
UnitDistance.Sqrt241.GroupData.Exclusions SKIP(no olean: outside closure)
UnitDistance.Sqrt241.GroupData.LocalModels rc=0 t=7s
UnitDistance.Sqrt241.GroupData.MagnusCertificates rc=0 t=16s
UnitDistance.Sqrt241.GroupData.MagnusConjugacy rc=0 t=7s
UnitDistance.Sqrt241.GroupData.MagnusCut rc=0 t=9s
UnitDistance.Sqrt241.GroupData.MagnusFree rc=0 t=7s
UnitDistance.Sqrt241.GroupData.MagnusGroup rc=0 t=8s
UnitDistance.Sqrt241.GroupData.Retained rc=0 t=79s
UnitDistance.Sqrt241.GroupData.RetainedGeneration SKIP(no olean: outside closure)
UnitDistance.Sqrt241.GroupData.Universal rc=0 t=25s
UnitDistance.Sqrt241.GroupData.UniversalWords SKIP(no olean: outside closure)
UnitDistance.Sqrt241.GroupData.Words rc=0 t=13s
UnitDistance.Sqrt241.Levels.Census rc=0 t=10s
UnitDistance.Sqrt241.Levels.Export rc=0 t=8s
UnitDistance.Sqrt241.Levels.Family rc=0 t=9s
UnitDistance.Sqrt241.Levels.LocalData rc=0 t=9s
UnitDistance.Sqrt241.Levels.PrimeFreedom rc=0 t=8s
UnitDistance.Sqrt241.Levels.Restriction rc=0 t=9s
UnitDistance.Sqrt241.Levels.Tame rc=0 t=9s
UnitDistance.Sqrt241.Levels.Unramified rc=0 t=8s
UnitDistance.Sqrt241.Local.CapRanges rc=0 t=8s
UnitDistance.Sqrt241.Local.Caps rc=0 t=8s
UnitDistance.Sqrt241.Local.Complex rc=0 t=8s
UnitDistance.Sqrt241.Local.Conjugation rc=0 t=7s
UnitDistance.Sqrt241.Local.DyadicCut rc=0 t=8s
UnitDistance.Sqrt241.Local.DyadicSigns rc=0 t=8s
UnitDistance.Sqrt241.Local.Elements rc=0 t=8s
UnitDistance.Sqrt241.Local.Frobenius rc=0 t=8s
UnitDistance.Sqrt241.Local.FrobeniusLocal rc=0 t=9s
UnitDistance.Sqrt241.Local.Maps rc=0 t=9s
UnitDistance.Sqrt241.Local.Place rc=0 t=8s
UnitDistance.Sqrt241.Local.TameAbsolute rc=0 t=8s
UnitDistance.Sqrt241.Local.TameData rc=0 t=7s
UnitDistance.Sqrt241.Local.TameLocal rc=0 t=8s
UnitDistance.Sqrt241.Local.TamePairs rc=0 t=9s
UnitDistance.Sqrt241.Local.Unramified rc=0 t=8s
UnitDistance.Sqrt241.Numerics.Compact rc=0 t=7s
UnitDistance.Sqrt241.Numerics.LogConstants rc=0 t=7s
UnitDistance.Sqrt241.Numerics.Margin rc=0 t=8s
UnitDistance.Sqrt241.Numerics.PairFunctional rc=0 t=7s
UnitDistance.Sqrt241.Numerics.PairMassCell rc=0 t=8s
UnitDistance.Sqrt241.Numerics.PairMassData rc=0 t=77s
UnitDistance.Sqrt241.Numerics.PairMassNormalization rc=0 t=8s
UnitDistance.Sqrt241.Numerics.PairMassRat rc=0 t=7s
UnitDistance.Sqrt241.Numerics.PairMassTables rc=0 t=8s
UnitDistance.Sqrt241.Numerics.PairTransfer rc=0 t=7s
UnitDistance.Sqrt241.Numerics.RatLog rc=0 t=7s
UnitDistance.Sqrt241.Presentation.Generation rc=0 t=8s
UnitDistance.Sqrt241.Presentation.Generic rc=0 t=7s
UnitDistance.Sqrt241.Presentation.GenuineRelation rc=0 t=8s
UnitDistance.Sqrt241.Presentation.LocalLifts rc=0 t=8s
UnitDistance.Sqrt241.Presentation.Relators rc=0 t=8s
UnitDistance.Sqrt241.ProP.AbsoluteProPFactor rc=0 t=8s
UnitDistance.Sqrt241.ProP.AbsoluteProPRestriction rc=0 t=7s
UnitDistance.Sqrt241.ProP.AbsoluteProPUnramified rc=0 t=8s
UnitDistance.Sqrt241.ProP.FinitePExtension rc=0 t=7s
UnitDistance.Sqrt241.ProP.FinitePExtensionSupport rc=0 t=8s
UnitDistance.Sqrt241.ProP.MaximalProPGroup rc=0 t=7s
UnitDistance.Sqrt241.ProP.MaximalProPOutside rc=0 t=8s
UnitDistance.Sqrt241.ProP.ProPOpenNormalStage rc=0 t=7s
UnitDistance.Sqrt241.ProP.ProPStageLocalConditions rc=0 t=8s
UnitDistance.Sqrt241.ProP.ProPStageRestriction rc=0 t=7s
UnitDistance.Sqrt241.Relation.AbsoluteKernel rc=0 t=8s
UnitDistance.Sqrt241.Relation.Bound rc=0 t=8s
UnitDistance.Sqrt241.Relation.Character rc=0 t=8s
UnitDistance.Sqrt241.Relation.ImaginaryB rc=0 t=8s
UnitDistance.Sqrt241.Relation.KummerCount rc=0 t=8s
UnitDistance.Sqrt241.Relation.LiftCorrection rc=0 t=8s
UnitDistance.Sqrt241.Relation.PairDetection rc=0 t=8s
UnitDistance.Sqrt241.Relation.QuadraticDetection rc=0 t=27s
UnitDistance.Sqrt241.Relation.RadicalReciprocity rc=0 t=8s
UnitDistance.Sqrt241.Relation.Reduction rc=0 t=8s
UnitDistance.Sqrt241.Relation.SqrtCharacter rc=0 t=8s
UnitDistance.Sqrt241.Retained.Basic rc=0 t=9s
UnitDistance.Sqrt241.Retained.Concrete rc=0 t=8s
UnitDistance.Sqrt241.Retained.Detector rc=0 t=8s
UnitDistance.Sqrt241.Retained.Field rc=0 t=9s
UnitDistance.Sqrt241.Retained.Kernel rc=0 t=8s
UnitDistance.Sqrt241.Target rc=0 t=7s
UnitDistance.Sqrt241.Tower.Bridge rc=0 t=10s
UnitDistance.Sqrt241.Tower.ConjugationTransport rc=0 t=7s
UnitDistance.Sqrt241.Tower.OmegaB rc=0 t=8s
UnitDistance.Sqrt241.TowerPolynomial rc=0 t=6s
UnitDistance.Sqrt241.Witness rc=0 t=8s
DONE
