/home/naslund_eric/src/enaslund/unit-distance-bound/master/lean-formalization/.cache/build-tmp/module-port-20260928-repair-pilot-31-extension-baseline/source/UnitDistance/Upstream/Yamaguchi/ClassFieldTheory/GlobalClassFieldTheory/Reciprocity/IdeleClassDirectLimitExtension.lean:279:4: error(lean.synthInstanceFailed): failed to synthesize instance of type class
  DirectedSystem (fun E => RelativeIdeleGroup.ClassGroup ℚ ↥E.toIntermediateField) fun x1 x2 x3 =>
    ⇑(rationalRelativeIdeleClassTransition x3)

Hint: Type class instance resolution failures can be inspected with the `set_option trace.Meta.synthInstance true` command.
/home/naslund_eric/src/enaslund/unit-distance-bound/master/lean-formalization/.cache/build-tmp/module-port-20260928-repair-pilot-31-extension-baseline/source/UnitDistance/Upstream/Yamaguchi/ClassFieldTheory/GlobalClassFieldTheory/Reciprocity/IdeleClassDirectLimitExtension.lean:279:4: error: failed to synthesize
  (i : FiniteGaloisIntermediateField ℚ (SeparableClosure ℚ)) →
    SMul Gal(SeparableClosure ℚ/ℚ) (RelativeIdeleGroup.ClassGroup ℚ ↥i.toIntermediateField)
(deterministic) timeout at `typeclass`, maximum number of heartbeats (20000) has been reached

Note: Use `set_option synthInstance.maxHeartbeats <num>` to set the limit.

Hint: Additional diagnostic information may be available using the `set_option diagnostics true` command.

Hint: Additional diagnostic information may be available using the `set_option diagnostics true` command.
/home/naslund_eric/src/enaslund/unit-distance-bound/master/lean-formalization/.cache/build-tmp/module-port-20260928-repair-pilot-31-extension-baseline/source/UnitDistance/Upstream/Yamaguchi/ClassFieldTheory/GlobalClassFieldTheory/Reciprocity/IdeleClassDirectLimitExtension.lean:492:13: error(lean.synthInstanceFailed): failed to synthesize instance of type class
  NumberField ↥(abstractFixedField ℚ (SeparableClosure ℚ) H)

Hint: Type class instance resolution failures can be inspected with the `set_option trace.Meta.synthInstance true` command.
/home/naslund_eric/src/enaslund/unit-distance-bound/master/lean-formalization/.cache/build-tmp/module-port-20260928-repair-pilot-31-extension-baseline/source/UnitDistance/Upstream/Yamaguchi/ClassFieldTheory/GlobalClassFieldTheory/Reciprocity/IdeleClassDirectLimitExtension.lean:502:11: error(lean.synthInstanceFailed): failed to synthesize instance of type class
  FiniteDimensional ℚ ↥(abstractFixedField ℚ (SeparableClosure ℚ) H)

Hint: Type class instance resolution failures can be inspected with the `set_option trace.Meta.synthInstance true` command.
/home/naslund_eric/src/enaslund/unit-distance-bound/master/lean-formalization/.cache/build-tmp/module-port-20260928-repair-pilot-31-extension-baseline/source/UnitDistance/Upstream/Yamaguchi/ClassFieldTheory/GlobalClassFieldTheory/Reciprocity/IdeleClassDirectLimitExtension.lean:507:13: error(lean.synthInstanceFailed): failed to synthesize instance of type class
  FiniteDimensional ℚ ↥(abstractFixedField ℚ (SeparableClosure ℚ) H)

Hint: Type class instance resolution failures can be inspected with the `set_option trace.Meta.synthInstance true` command.
/home/naslund_eric/src/enaslund/unit-distance-bound/master/lean-formalization/.cache/build-tmp/module-port-20260928-repair-pilot-31-extension-baseline/source/UnitDistance/Upstream/Yamaguchi/ClassFieldTheory/GlobalClassFieldTheory/Reciprocity/IdeleClassDirectLimitExtension.lean:510:13: error: (deterministic) timeout at `whnf`, maximum number of heartbeats (200000) has been reached

Note: Use `set_option maxHeartbeats <num>` to set the limit.

Hint: Additional diagnostic information may be available using the `set_option diagnostics true` command.
/home/naslund_eric/src/enaslund/unit-distance-bound/master/lean-formalization/.cache/build-tmp/module-port-20260928-repair-pilot-31-extension-baseline/source/UnitDistance/Upstream/Yamaguchi/ClassFieldTheory/GlobalClassFieldTheory/Reciprocity/IdeleClassDirectLimitExtension.lean:586:7: error(lean.synthInstanceFailed): failed to synthesize instance of type class
  NumberField ↥(abstractFixedField ℚ (SeparableClosure ℚ) H.field)

Hint: Type class instance resolution failures can be inspected with the `set_option trace.Meta.synthInstance true` command.
/home/naslund_eric/src/enaslund/unit-distance-bound/master/lean-formalization/.cache/build-tmp/module-port-20260928-repair-pilot-31-extension-baseline/source/UnitDistance/Upstream/Yamaguchi/ClassFieldTheory/GlobalClassFieldTheory/Reciprocity/IdeleClassDirectLimitExtension.lean:594:9: error(lean.synthInstanceFailed): failed to synthesize instance of type class
  NumberField ↥(abstractFixedField ℚ (SeparableClosure ℚ) H.field)

Hint: Type class instance resolution failures can be inspected with the `set_option trace.Meta.synthInstance true` command.
/home/naslund_eric/src/enaslund/unit-distance-bound/master/lean-formalization/.cache/build-tmp/module-port-20260928-repair-pilot-31-extension-baseline/source/UnitDistance/Upstream/Yamaguchi/ClassFieldTheory/GlobalClassFieldTheory/Reciprocity/IdeleClassDirectLimitExtension.lean:602:5: error(lean.synthInstanceFailed): failed to synthesize instance of type class
  NumberField ↥F

Hint: Type class instance resolution failures can be inspected with the `set_option trace.Meta.synthInstance true` command.
/home/naslund_eric/src/enaslund/unit-distance-bound/master/lean-formalization/.cache/build-tmp/module-port-20260928-repair-pilot-31-extension-baseline/source/UnitDistance/Upstream/Yamaguchi/ClassFieldTheory/GlobalClassFieldTheory/Reciprocity/IdeleClassDirectLimitExtension.lean:605:6: error(lean.synthInstanceFailed): failed to synthesize instance of type class
  NumberField ↥F

Hint: Type class instance resolution failures can be inspected with the `set_option trace.Meta.synthInstance true` command.
/home/naslund_eric/src/enaslund/unit-distance-bound/master/lean-formalization/.cache/build-tmp/module-port-20260928-repair-pilot-31-extension-baseline/source/UnitDistance/Upstream/Yamaguchi/ClassFieldTheory/GlobalClassFieldTheory/Reciprocity/IdeleClassDirectLimitExtension.lean:609:8: error(lean.synthInstanceFailed): failed to synthesize instance of type class
  NumberField ↥F

Hint: Type class instance resolution failures can be inspected with the `set_option trace.Meta.synthInstance true` command.
/home/naslund_eric/src/enaslund/unit-distance-bound/master/lean-formalization/.cache/build-tmp/module-port-20260928-repair-pilot-31-extension-baseline/source/UnitDistance/Upstream/Yamaguchi/ClassFieldTheory/GlobalClassFieldTheory/Reciprocity/IdeleClassDirectLimitExtension.lean:622:13: error(lean.synthInstanceFailed): failed to synthesize instance of type class
  FiniteDimensional ℚ ↥F

Hint: Type class instance resolution failures can be inspected with the `set_option trace.Meta.synthInstance true` command.
/home/naslund_eric/src/enaslund/unit-distance-bound/master/lean-formalization/.cache/build-tmp/module-port-20260928-repair-pilot-31-extension-baseline/source/UnitDistance/Upstream/Yamaguchi/ClassFieldTheory/GlobalClassFieldTheory/Reciprocity/IdeleClassDirectLimitExtension.lean:624:15: error(lean.synthInstanceFailed): failed to synthesize instance of type class
  FiniteDimensional ℚ ↥F

Hint: Type class instance resolution failures can be inspected with the `set_option trace.Meta.synthInstance true` command.
/home/naslund_eric/src/enaslund/unit-distance-bound/master/lean-formalization/.cache/build-tmp/module-port-20260928-repair-pilot-31-extension-baseline/source/UnitDistance/Upstream/Yamaguchi/ClassFieldTheory/GlobalClassFieldTheory/Reciprocity/IdeleClassDirectLimitExtension.lean:625:15: error(lean.synthInstanceFailed): failed to synthesize instance of type class
  FiniteDimensional ℚ ↥F

Hint: Type class instance resolution failures can be inspected with the `set_option trace.Meta.synthInstance true` command.
/home/naslund_eric/src/enaslund/unit-distance-bound/master/lean-formalization/.cache/build-tmp/module-port-20260928-repair-pilot-31-extension-baseline/source/UnitDistance/Upstream/Yamaguchi/ClassFieldTheory/GlobalClassFieldTheory/Reciprocity/IdeleClassDirectLimitExtension.lean:628:6: error(lean.unknownIdentifier): Unknown identifier `rationalAbstractFixedFieldIdeleClassEquivFixed_normToBase_coe`
/home/naslund_eric/src/enaslund/unit-distance-bound/master/lean-formalization/.cache/build-tmp/module-port-20260928-repair-pilot-31-extension-baseline/source/UnitDistance/Upstream/Yamaguchi/ClassFieldTheory/GlobalClassFieldTheory/Reciprocity/IdeleClassDirectLimitExtension.lean:639:6: error(lean.synthInstanceFailed): failed to synthesize instance of type class
  NumberField ↥F

Hint: Type class instance resolution failures can be inspected with the `set_option trace.Meta.synthInstance true` command.
/home/naslund_eric/src/enaslund/unit-distance-bound/master/lean-formalization/.cache/build-tmp/module-port-20260928-repair-pilot-31-extension-baseline/source/UnitDistance/Upstream/Yamaguchi/ClassFieldTheory/GlobalClassFieldTheory/Reciprocity/IdeleClassDirectLimitExtension.lean:640:8: error(lean.synthInstanceFailed): failed to synthesize instance of type class
  FiniteDimensional ℚ ↥F

Hint: Type class instance resolution failures can be inspected with the `set_option trace.Meta.synthInstance true` command.
/home/naslund_eric/src/enaslund/unit-distance-bound/master/lean-formalization/.cache/build-tmp/module-port-20260928-repair-pilot-31-extension-baseline/source/UnitDistance/Upstream/Yamaguchi/ClassFieldTheory/GlobalClassFieldTheory/Reciprocity/IdeleClassDirectLimitExtension.lean:597:33: error: unsolved goals
H : FiniteAbstractField Gal(SeparableClosure ℚ/ℚ)
c : Additive sorry
F : IntermediateField ℚ (SeparableClosure ℚ) := abstractFixedField ℚ (SeparableClosure ℚ) H.field
d : RelativeIdeleGroup.ClassGroup ℚ ↥F := sorry
hc : sorry = Additive.toMul c
hcoe :
  ↑((normToBase rationalIdeleClassRepresentation H.field)
        ((rationalAbstractFixedFieldIdeleClassEquivFixed H.field) sorry)) =
    Additive.ofMul ((rationalRelativeIdeleClassToDirectLimit sorry) sorry)
⊢ rationalIdeleClassEquivBaseFixed.symm
      ((normToBase rationalIdeleClassRepresentation H.field)
        ((rationalAbstractFixedFieldIdeleClassEquivFixed H.field) sorry)) =
    Additive.ofMul sorry
