✖ [6758/6832] Building UnitDistance.Upstream.Yamaguchi.ClassFieldTheory.GlobalClassFieldTheory.Reciprocity.IdeleClassDirectLimitExtensionNorm (65s)
trace: .> LEAN_PATH=/mnt/disks/data/lean-shared/v4.35.0-rc2-mathlib-065356127b/packages/Cli/.lake/build/lib/lean:/mnt/disks/data/lean-shared/v4.35.0-rc2-mathlib-065356127b/packages/batteries/.lake/build/lib/lean:/mnt/disks/data/lean-shared/v4.35.0-rc2-mathlib-065356127b/packages/Qq/.lake/build/lib/lean:/mnt/disks/data/lean-shared/v4.35.0-rc2-mathlib-065356127b/packages/aesop/.lake/build/lib/lean:/mnt/disks/data/lean-shared/v4.35.0-rc2-mathlib-065356127b/packages/proofwidgets/.lake/build/lib/lean:/mnt/disks/data/lean-shared/v4.35.0-rc2-mathlib-065356127b/packages/importGraph/.lake/build/lib/lean:/mnt/disks/data/lean-shared/v4.35.0-rc2-mathlib-065356127b/packages/LeanSearchClient/.lake/build/lib/lean:/mnt/disks/data/lean-shared/v4.35.0-rc2-mathlib-065356127b/packages/plausible/.lake/build/lib/lean:/mnt/disks/data/lean-shared/v4.35.0-rc2-mathlib-065356127b/packages/mathlib/.lake/build/lib/lean:/home/naslund_eric/src/enaslund/unit-distance-bound/master/lean-formalization/.cache/build-tmp/module-port-20260928-build/source/.lake/build/lib/lean /home/naslund_eric/.local/share/lean/toolchains/leanprover--lean4---v4.35.0-rc2/bin/lean /home/naslund_eric/src/enaslund/unit-distance-bound/master/lean-formalization/.cache/build-tmp/module-port-20260928-build/source/UnitDistance/Upstream/Yamaguchi/ClassFieldTheory/GlobalClassFieldTheory/Reciprocity/IdeleClassDirectLimitExtensionNorm.lean -o /home/naslund_eric/src/enaslund/unit-distance-bound/master/lean-formalization/.cache/build-tmp/module-port-20260928-build/source/.lake/build/lib/lean/UnitDistance/Upstream/Yamaguchi/ClassFieldTheory/GlobalClassFieldTheory/Reciprocity/IdeleClassDirectLimitExtensionNorm.olean -i /home/naslund_eric/src/enaslund/unit-distance-bound/master/lean-formalization/.cache/build-tmp/module-port-20260928-build/source/.lake/build/lib/lean/UnitDistance/Upstream/Yamaguchi/ClassFieldTheory/GlobalClassFieldTheory/Reciprocity/IdeleClassDirectLimitExtensionNorm.ilean -c /home/naslund_eric/src/enaslund/unit-distance-bound/master/lean-formalization/.cache/build-tmp/module-port-20260928-build/source/.lake/build/ir/UnitDistance/Upstream/Yamaguchi/ClassFieldTheory/GlobalClassFieldTheory/Reciprocity/IdeleClassDirectLimitExtensionNorm.c --setup /home/naslund_eric/src/enaslund/unit-distance-bound/master/lean-formalization/.cache/build-tmp/module-port-20260928-build/source/.lake/build/ir/UnitDistance/Upstream/Yamaguchi/ClassFieldTheory/GlobalClassFieldTheory/Reciprocity/IdeleClassDirectLimitExtensionNorm.setup.json --json
warning: UnitDistance/Upstream/Yamaguchi/ClassFieldTheory/GlobalClassFieldTheory/Reciprocity/IdeleClassDirectLimitExtensionNorm.lean:380:6: Private declaration `rationalFixedFieldInclusionComparison` accessed publicly; this is allowed only because the `backward.privateInPublic` option is enabled. 

Disable `backward.privateInPublic.warn` to silence this warning.
error: UnitDistance/Upstream/Yamaguchi/ClassFieldTheory/GlobalClassFieldTheory/Reciprocity/IdeleClassDirectLimitExtensionNorm.lean:422:7: failed to synthesize instance of type class
  Mul (TowerRelativeIdeleGroup.ClassGroup ℚ ↥F ↥E)

Hint: Type class instance resolution failures can be inspected with the `set_option trace.Meta.synthInstance true` command.
error: UnitDistance/Upstream/Yamaguchi/ClassFieldTheory/GlobalClassFieldTheory/Reciprocity/IdeleClassDirectLimitExtensionNorm.lean:505:11: failed to synthesize instance of type class
  Mul (TowerRelativeIdeleGroup.ClassGroup ℚ ↥F ↥E)

Hint: Type class instance resolution failures can be inspected with the `set_option trace.Meta.synthInstance true` command.
error: UnitDistance/Upstream/Yamaguchi/ClassFieldTheory/GlobalClassFieldTheory/Reciprocity/IdeleClassDirectLimitExtensionNorm.lean:512:2: 'change' tactic failed, pattern
  (((eAmbient.trans eFixed.symm).trans eRelative.symm).trans eTower) y =
    Additive.ofMul ((RelativeIdeleGroup.classInclusion ↥F ↥E) (relativeIdeleClassBaseChangeMulEquiv c))
is not definitionally equal to target
  let comparison := rationalFixedFieldInclusionComparison K L hLK hnormal c;
  comparison.1 = comparison.2
warning: UnitDistance/Upstream/Yamaguchi/ClassFieldTheory/GlobalClassFieldTheory/Reciprocity/IdeleClassDirectLimitExtensionNorm.lean:541:6: Private declaration `rationalExtensionNormComparison` accessed publicly; this is allowed only because the `backward.privateInPublic` option is enabled. 

Disable `backward.privateInPublic.warn` to silence this warning.
warning: UnitDistance/Upstream/Yamaguchi/ClassFieldTheory/GlobalClassFieldTheory/Reciprocity/IdeleClassDirectLimitExtensionNorm.lean:797:4: Private declaration `rationalRelativeNormSource` accessed publicly; this is allowed only because the `backward.privateInPublic` option is enabled. 

Disable `backward.privateInPublic.warn` to silence this warning.
warning: UnitDistance/Upstream/Yamaguchi/ClassFieldTheory/GlobalClassFieldTheory/Reciprocity/IdeleClassDirectLimitExtensionNorm.lean:800:6: Private declaration `rationalRelativeNormTarget` accessed publicly; this is allowed only because the `backward.privateInPublic` option is enabled. 

Disable `backward.privateInPublic.warn` to silence this warning.
