⚠ [3663/3793] Replayed UnitDistance.Upstream.Yamaguchi.GaloisCohomology.Cyclic.Herbrand.HerbrandLowDegree.Cardinality
warning: UnitDistance/Upstream/Yamaguchi/GaloisCohomology/Cyclic/Herbrand/HerbrandLowDegree/Cardinality.lean:62:27: This simp argument is unused:
  Rep.hom_comm_apply

Hint: Omit it from the simp argument list.
  simp [Rep.FiniteCyclicGroup.subCompNormHom, Rep.norm, Representation.norm, R̵e̵p̵.̵h̵o̵m̵_̵c̵o̵m̵m̵_̵a̵p̵p̵l̵y̵,̵ ̵hf]

Note: This linter can be disabled with `set_option linter.unusedSimpArgs false`
⚠ [4355/4408] Replayed UnitDistance.SupportedIdeleCocycles
warning: UnitDistance/SupportedIdeleCocycles.lean:37:0: automatically included section variable(s) unused in theorem `UnitDistance.ArithmeticProP.exists_supportedIdele_cocycle`:
  [IsGalois K L]
consider restructuring your `variable` declarations so that the variables are not in scope or explicitly omit them:
  omit [IsGalois K L] in theorem ...

Note: This linter can be disabled with `set_option linter.unusedSectionVars false`
⚠ [4404/4408] Replayed UnitDistance.SupportedIdeleLocalization
warning: UnitDistance/SupportedIdeleLocalization.lean:26:0: automatically included section variable(s) unused in theorem `UnitDistance.ArithmeticProP.supportedIdeleH2_localization_eq`:
  [IsGalois K L]
consider restructuring your `variable` declarations so that the variables are not in scope or explicitly omit them:
  omit [IsGalois K L] in theorem ...

Note: This linter can be disabled with `set_option linter.unusedSectionVars false`
⚠ [4406/4413] Replayed UnitDistance.FieldUnitsIdeleDetection
warning: UnitDistance/FieldUnitsIdeleDetection.lean:31:0: automatically included section variable(s) unused in theorem `UnitDistance.ArithmeticProP.fieldUnitsIdeleHom_finite_factor`:
  [NumberField L]
  [FiniteDimensional K L]
  [IsGalois K L]
consider restructuring your `variable` declarations so that the variables are not in scope or explicitly omit them:
  omit [NumberField L] [FiniteDimensional K L] [IsGalois K L] in theorem ...

Note: This linter can be disabled with `set_option linter.unusedSectionVars false`
✔ [4407/4413] Built UnitDistance.Upstream.Yamaguchi.GaloisCohomology.ProP.H1NormalSubgroupDescent (3.8s)
✔ [4412/4434] Built UnitDistance.Upstream.Yamaguchi.SawinTotallyRealTowers.UnramifiedProPRelationRank.Global.ClassFormationPGroupH1 (5.2s)
✔ [4431/4438] Built UnitDistance.Upstream.Yamaguchi.ClassFieldTheory.AlgebraicNumberTheory.Adele.FiniteRestrictedProductBaseChange (45s)
✔ [4432/4439] Built UnitDistance.Upstream.Yamaguchi.ClassFieldTheory.AlgebraicNumberTheory.Idele.BaseChange (15s)
✔ [4434/4442] Built UnitDistance.Upstream.Yamaguchi.ClassFieldTheory.AlgebraicNumberTheory.AdeleBaseChange (47s)
✔ [4436/4442] Built UnitDistance.Upstream.Yamaguchi.ClassFieldTheory.AlgebraicNumberTheory.Idele.Extension.EmbeddingNorm (13s)
✔ [4437/4442] Built UnitDistance.Upstream.Yamaguchi.ClassFieldTheory.AlgebraicNumberTheory.Idele.Extension.IdeleNorm (8.2s)
✔ [4438/4454] Built UnitDistance.Upstream.Yamaguchi.ClassFieldTheory.AlgebraicNumberTheory.Idele.Extension.IdealClass (20s)
✔ [4439/4454] Built UnitDistance.Upstream.Yamaguchi.ClassFieldTheory.AlgebraicNumberTheory.Idele.Extension.IdeleClassBaseChange (11s)
✔ [4440/4454] Built UnitDistance.Upstream.Yamaguchi.ClassFieldTheory.AlgebraicNumberTheory.Idele.ClassGroup.NormComparison (12s)
✔ [4441/4454] Built UnitDistance.Upstream.Yamaguchi.ClassFieldTheory.AlgebraicNumberTheory.Idele.ClassGroup.AlgEquiv (60s)
✔ [4442/4454] Built UnitDistance.Upstream.Yamaguchi.ClassFieldTheory.AlgebraicNumberTheory.Idele.ClassGroup.TowerBaseChange (47s)
✔ [4443/4454] Built UnitDistance.Upstream.Yamaguchi.ClassFieldTheory.GlobalClassFieldTheory.Reciprocity.IdeleClassDirectLimitCore (26s)
✔ [4444/4454] Built UnitDistance.Upstream.Yamaguchi.ClassFieldTheory.GlobalClassFieldTheory.Reciprocity.IdeleClassDirectLimitFiniteLevelCore (33s)
✔ [4445/4456] Built UnitDistance.Upstream.Yamaguchi.ClassFieldTheory.GlobalClassFieldTheory.Reciprocity.IdeleClassDirectLimitFiniteLevel (65s)
✔ [4446/4461] Built UnitDistance.Upstream.Yamaguchi.ClassFieldTheory.GlobalClassFieldTheory.Reciprocity.IdeleClassDirectLimitFixedPointDescentCore (45s)
✔ [4448/4463] Built UnitDistance.Upstream.Yamaguchi.ClassFieldTheory.GlobalClassFieldTheory.Reciprocity.IdeleClassDirectLimitFixedPointDescent (50s)
✔ [4450/4463] Built UnitDistance.Upstream.Yamaguchi.GaloisCohomology.Kummer.Concrete.RootCharacters (9.5s)
✔ [4451/4464] Built UnitDistance.Upstream.Yamaguchi.ClassFieldTheory.GlobalClassFieldTheory.Reciprocity.IdeleClassDirectLimitFixedPoints (56s)
✔ [4452/4464] Built UnitDistance.Upstream.Yamaguchi.GaloisCohomology.Kummer.Concrete.RadicalQuotient (8.7s)
✔ [4453/4464] Built UnitDistance.Upstream.Yamaguchi.ClassFieldTheory.GlobalClassFieldTheory.Reciprocity.IdeleClassDirectLimitAbstractFixedField (33s)
✔ [4454/4467] Built UnitDistance.Upstream.Yamaguchi.GaloisCohomology.Kummer.Concrete.FiniteCharacterEquiv (5.4s)
✔ [4455/4469] Built UnitDistance.Upstream.Yamaguchi.ClassFieldTheory.GlobalClassFieldTheory.Reciprocity.IdeleClassDirectLimitExtension (40s)
✔ [4456/4469] Built UnitDistance.Upstream.Yamaguchi.GaloisCohomology.Kummer.Concrete.FiniteGeneration (5.5s)
✔ [4457/4470] Built UnitDistance.Upstream.Yamaguchi.ClassFieldTheory.GlobalClassFieldTheory.Reciprocity.IdeleClassDirectLimitExtensionAction (103s)
✔ [4458/4470] Built UnitDistance.Upstream.Yamaguchi.GaloisCohomology.Kummer.Concrete.InfiniteContinuity (11s)
✔ [4459/4470] Built UnitDistance.Upstream.Yamaguchi.GaloisCohomology.Kummer.Concrete.FiniteDualSeparation (11s)
✔ [4460/4470] Built UnitDistance.Upstream.Yamaguchi.GaloisCohomology.Kummer.Concrete.RadicalExtension (14s)
✔ [4461/4470] Built UnitDistance.Upstream.Yamaguchi.GaloisCohomology.Kummer.Concrete.InfiniteGeneration (5.7s)
✔ [4462/4470] Built UnitDistance.Upstream.Yamaguchi.ClassFieldTheory.GlobalClassFieldTheory.Reciprocity.IdeleClassDirectLimitExtensionNorm (75s)
✔ [4463/4470] Built UnitDistance.Upstream.Yamaguchi.ValuedFieldTheory.LocalField.GroupTheory.PowerIndex (15s)
✔ [4464/4470] Built UnitDistance.Upstream.Yamaguchi.GaloisCohomology.Kummer.Concrete.RestrictedFinite (11s)
✔ [4465/4470] Built UnitDistance.Upstream.Yamaguchi.GaloisCohomology.Kummer.Concrete.FiniteSupport (7.1s)
✔ [4466/4470] Built UnitDistance.Upstream.Yamaguchi.GaloisCohomology.Kummer.Concrete.ExtensionRoundTrip (5.0s)
✔ [4467/4471] Built UnitDistance.Upstream.Yamaguchi.ClassFieldTheory.GlobalClassFieldTheory.Reciprocity.IdeleClassDirectLimitNormQuotient (164s)
✔ [4468/4472] Built UnitDistance.Upstream.Yamaguchi.GaloisCohomology.Kummer.Concrete.InfiniteInverse (21s)
✔ [4470/4507] Built UnitDistance.Upstream.Yamaguchi.GaloisCohomology.Kummer.Concrete.KummerCorrespondenceFormula (11s)
✔ [4508/4514] Built UnitDistance.Upstream.Yamaguchi.ClassFieldTheory.KummerTheory.Concrete.SUnitPreparation.SUnitPowerQuotient (13s)
✔ [4509/4515] Built UnitDistance.Upstream.Yamaguchi.GaloisCohomology.GroupTheory.Finite (4.0s)
✔ [4510/4515] Built UnitDistance.Upstream.Yamaguchi.ClassFieldTheory.GlobalClassFieldTheory.ClassFieldAxiom.IdelePowerLocalUnitSubgroup (16s)
✔ [4511/4515] Built UnitDistance.Upstream.Yamaguchi.ClassFieldTheory.GlobalClassFieldTheory.ClassFieldAxiom.IdeleClassPowerLocalUnitQuotient.FinitePlaceCompletionInstances (4.9s)
✔ [4512/4515] Built UnitDistance.Upstream.Yamaguchi.ClassFieldTheory.AlgebraicNumberTheory.Ramification.Splitting.FinitePlace (12s)
✔ [4513/4515] Built UnitDistance.Upstream.Yamaguchi.ClassFieldTheory.AlgebraicNumberTheory.Idele.NormApproximation.InfinitePlaces (15s)
✔ [4514/4515] Built UnitDistance.Upstream.Yamaguchi.ClassFieldTheory.GlobalClassFieldTheory.ClassFieldAxiom.IdeleClassPowerLocalUnitQuotient.ArchimedeanPowerIndex (12s)
✔ [4535/4538] Built UnitDistance.Upstream.Yamaguchi.ValuedFieldTheory.LocalField.DiscreteValuationField.IwasawaIndexing (3.9s)
✔ [4536/4538] Built UnitDistance.Upstream.Yamaguchi.ValuedFieldTheory.LocalField.DiscreteValuationField.PowerIndex (18s)
✔ [4537/4538] Built UnitDistance.Upstream.Yamaguchi.ValuedFieldTheory.LocalField.DiscreteValuationField.PadicPowerIndex (16s)
✔ [4538/4544] Built UnitDistance.Upstream.Yamaguchi.ValuedFieldTheory.Valuation.Topology.CompatibleInverseLimit (5.4s)
✔ [4539/4546] Built UnitDistance.Upstream.Yamaguchi.ValuedFieldTheory.Valuation.Topology.Models (4.4s)
✔ [4541/4547] Built UnitDistance.Upstream.Yamaguchi.ValuedFieldTheory.Valuation.Topology.AdicCompletionInverseLimitRing (22s)
✔ [4542/4549] Built UnitDistance.Upstream.Yamaguchi.ValuedFieldTheory.Valuation.Topology.AdicCompletionInverseLimit (19s)
✔ [4543/4550] Built UnitDistance.Upstream.Yamaguchi.ValuedFieldTheory.LocalField.DiscreteValuationField.PrincipalUnitPadicAction.InverseLimitCore (11s)
✔ [4544/4551] Built UnitDistance.Upstream.Yamaguchi.ValuedFieldTheory.LocalField.Analytic.DenominatorValuation (6.5s)
✔ [4545/4554] Built UnitDistance.Upstream.Yamaguchi.ValuedFieldTheory.LocalField.DiscreteValuationField.PrincipalUnitPadicAction.TopologyModelTypes (10s)
✔ [4546/4554] Built UnitDistance.Upstream.Yamaguchi.ValuedFieldTheory.LocalField.DiscreteValuationField.PrincipalUnitPadicAction.InverseLimitTopology (15s)
✔ [4547/4554] Built UnitDistance.Upstream.Yamaguchi.ValuedFieldTheory.LocalField.DiscreteValuationField.PrincipalUnitPadicAction.FiniteQuotientPadicModule (16s)
✔ [4548/4554] Built UnitDistance.Upstream.Yamaguchi.ValuedFieldTheory.LocalField.DiscreteValuationField.PrincipalUnitPadicAction.AdicProdiscreteComparison (4.7s)
✔ [4549/4555] Built UnitDistance.Upstream.Yamaguchi.ValuedFieldTheory.LocalField.DiscreteValuationField.PrincipalUnitPadicAction.ProdiscretePadicModule (10s)
✔ [4550/4555] Built UnitDistance.Upstream.Yamaguchi.ValuedFieldTheory.Valuation.DiscreteValuationField.CompleteDVRExpansion (7.1s)
✔ [4551/4558] Built UnitDistance.Upstream.Yamaguchi.ValuedFieldTheory.LocalField.DiscreteValuationField.PrincipalUnitPadicAction.AdicPadicModule (6.2s)
✔ [4552/4558] Built UnitDistance.Upstream.Yamaguchi.ValuedFieldTheory.LocalField.DiscreteValuationField.PrincipalUnitPadicAction.WithZeroValuationTopology (7.9s)
✔ [4554/4558] Built UnitDistance.Upstream.Yamaguchi.ValuedFieldTheory.LocalField.DiscreteValuationField.PrincipalUnitPadicAction.Core (7.3s)
✔ [4556/4595] Built UnitDistance.Upstream.Yamaguchi.ValuedFieldTheory.LocalField.DiscreteValuationField.PrincipalUnitInverseLimitSurjectivity (4.1s)
✔ [4592/4595] Built UnitDistance.Upstream.Yamaguchi.ValuedFieldTheory.LocalField.DiscreteValuationField.EqualCharacteristicLaurent (16s)
✔ [4593/4595] Built UnitDistance.Upstream.Yamaguchi.ValuedFieldTheory.LocalField.DiscreteValuationField.MixedCharacteristicQp (15s)
✔ [4594/4629] Built UnitDistance.Upstream.Yamaguchi.ValuedFieldTheory.LocalField.DiscreteValuationField.IwasawaPrincipalUnits (25s)
✔ [4612/4633] Built UnitDistance.Upstream.Yamaguchi.ValuedFieldTheory.LocalField.Analytic.FieldUnitLogUniqueness (4.4s)
✔ [4614/4634] Built UnitDistance.Upstream.Yamaguchi.ValuedFieldTheory.LocalField.DiscreteValuationField.WithZeroValuationTopology (3.0s)
✔ [4618/4643] Built UnitDistance.Upstream.Yamaguchi.ValuedFieldTheory.LocalField.DiscreteValuationField.PadicLinearOfContinuous (4.0s)
✔ [4620/4648] Built UnitDistance.Upstream.Yamaguchi.ValuedFieldTheory.LocalField.NonarchimedeanLocalField.StandardOpenSubgroups (3.9s)
✔ [4622/4648] Built UnitDistance.Upstream.Yamaguchi.ValuedFieldTheory.LocalField.NonarchimedeanLocalField.UniformizerPrincipalQuotient (4.6s)
✔ [4627/4650] Built UnitDistance.Upstream.Yamaguchi.ValuedFieldTheory.LocalField.Padic.NonarchimedeanLocalField (3.7s)
✔ [4629/4650] Built UnitDistance.Upstream.Yamaguchi.ClassFieldTheory.AlgebraicNumberTheory.Galois.CyclicPrimeSubextension (10s)
✔ [4632/4652] Built UnitDistance.Upstream.Yamaguchi.ClassFieldTheory.GlobalClassFieldTheory.ClassFieldAxiom.SUnitKummerPrimeSelection.FinitePlaceDecomposition (11s)
✔ [4633/4652] Built UnitDistance.Upstream.Yamaguchi.ValuedFieldTheory.LocalField.Analytic.FieldUnitLogExtension (11s)
✔ [4635/4652] Built UnitDistance.Upstream.Yamaguchi.ValuedFieldTheory.LocalField.Analytic.LogExpAdditivity (11s)
✔ [4636/4657] Built UnitDistance.Upstream.Yamaguchi.GaloisCohomology.Kummer.Concrete.SUnitPreparation.PrimePowerKernelCoordinates (6.7s)
✔ [4637/4657] Built UnitDistance.Upstream.Yamaguchi.ValuedFieldTheory.LocalField.Analytic.ContinuousFieldUnitLog (11s)
✔ [4638/4657] Built UnitDistance.Upstream.Yamaguchi.ValuedFieldTheory.LocalField.Analytic.LogExpComposition (10s)
✔ [4639/4657] Built UnitDistance.Upstream.Yamaguchi.ClassFieldTheory.KummerTheory.Concrete.SUnitPreparation.FullSUnitKummerExtension (8.0s)
✔ [4640/4658] Built UnitDistance.Upstream.Yamaguchi.ClassFieldTheory.KummerTheory.Concrete.SUnitPreparation.SUnitLocalPowerKernel (9.9s)
✔ [4641/4658] Built UnitDistance.Upstream.Yamaguchi.ValuedFieldTheory.LocalField.DiscreteValuationField.FieldUnitFactors (14s)
✔ [4642/4658] Built UnitDistance.Upstream.Yamaguchi.ValuedFieldTheory.LocalField.Analytic.LogExpContinuity (8.1s)
✔ [4643/4658] Built UnitDistance.Upstream.Yamaguchi.ClassFieldTheory.KummerTheory.Concrete.SUnitPreparation.FiniteRadicalSupport (6.2s)
✔ [4645/4658] Built UnitDistance.Upstream.Yamaguchi.ValuedFieldTheory.LocalField.DiscreteValuationField.PadicModuleStructure (5.1s)
✔ [4646/4660] Built UnitDistance.Upstream.Yamaguchi.ValuedFieldTheory.LocalField.Analytic.PrincipalUnitExpLogEquiv (6.4s)
✔ [4647/4660] Built UnitDistance.Upstream.Yamaguchi.ClassFieldTheory.KummerTheory.Concrete.SUnitPreparation.EnlargedSUnitRestriction (18s)
✔ [4648/4660] Built UnitDistance.Upstream.Yamaguchi.ValuedFieldTheory.LocalField.DiscreteValuationField.MixedCharacteristicStructure.IntegralLattice (22s)
✔ [4649/4660] Built UnitDistance.Upstream.Yamaguchi.ValuedFieldTheory.LocalField.Padic.PrincipalUnits (17s)
✔ [4650/4660] Built UnitDistance.Upstream.Yamaguchi.ClassFieldTheory.AlgebraicNumberTheory.Idele.Relative.FiniteIntegralNormPreimage (68s)
✔ [4651/4660] Built UnitDistance.Upstream.Yamaguchi.ClassFieldTheory.KummerTheory.Concrete.SUnitPreparation.Core (10s)
✔ [4652/4661] Built UnitDistance.Upstream.Yamaguchi.ValuedFieldTheory.LocalField.DiscreteValuationField.MixedCharacteristicStructure.DeepPrincipalUnits (17s)
✔ [4653/4661] Built UnitDistance.Upstream.Yamaguchi.ClassFieldTheory.AlgebraicNumberTheory.Idele.Norm (6.3s)
✔ [4654/4661] Built UnitDistance.Upstream.Yamaguchi.ClassFieldTheory.GlobalClassFieldTheory.ClassFieldAxiom.SUnitKummerPrimeSelection.RestrictionKernel (8.0s)
✔ [4655/4661] Built UnitDistance.Upstream.Yamaguchi.ValuedFieldTheory.LocalField.DiscreteValuationField.MixedCharacteristicStructure.Core (15s)
✔ [4656/4663] Built UnitDistance.Upstream.Yamaguchi.ClassFieldTheory.AlgebraicNumberTheory.Ramification.Splitting.FinitePlaceIdeal (6.8s)
✔ [4657/4663] Built UnitDistance.Upstream.Yamaguchi.ValuedFieldTheory.LocalField.DiscreteValuationField.FieldUnitStructure (5.5s)
✔ [4658/4664] Built UnitDistance.Upstream.Yamaguchi.GaloisCohomology.Cyclic.Herbrand.HerbrandLowDegree.BinaryProduct (5.2s)
✔ [4659/4666] Built UnitDistance.Upstream.Yamaguchi.ValuedFieldTheory.LocalField.DiscreteValuationField.FieldUnitPowerIndexFormulas (7.9s)
✔ [4660/4666] Built UnitDistance.Upstream.Yamaguchi.ClassFieldTheory.AlgebraicNumberTheory.Idele.Cohomology.SPlaces.Reassociation (7.2s)
✔ [4661/4668] Built UnitDistance.Upstream.Yamaguchi.ClassFieldTheory.AlgebraicNumberTheory.Idele.ClassGroup.NormalClosureNorm (12s)
✔ [4662/4668] Built UnitDistance.Upstream.Yamaguchi.ClassFieldTheory.GlobalClassFieldTheory.ClassFieldAxiom.IdeleClassPowerLocalUnitQuotient.LocalResidueArithmetic (6.6s)
✔ [4663/4668] Built UnitDistance.Upstream.Yamaguchi.ClassFieldTheory.AlgebraicNumberTheory.Idele.ClassGroup.TowerAlgEquivNaturality (23s)
✔ [4664/4670] Built UnitDistance.Upstream.Yamaguchi.ClassFieldTheory.AlgebraicNumberTheory.Ramification.FiniteRamifiedPrimes (9.9s)
✔ [4665/4670] Built UnitDistance.Upstream.Yamaguchi.ClassFieldTheory.GlobalClassFieldTheory.ClassFieldAxiom.IdeleClassPowerLocalUnitQuotient.FinitePlacePowerIndex (6.0s)
✔ [4666/4671] Built UnitDistance.Upstream.Yamaguchi.ClassFieldTheory.AlgebraicNumberTheory.Idele.SufficientlyLarge (7.0s)
✔ [4667/4672] Built UnitDistance.Upstream.Yamaguchi.ClassFieldTheory.LocalClassFieldTheory.ClassFormation.LocalBlocks.FamilyClassAxiom (42s)
✔ [4668/4673] Built UnitDistance.Upstream.Yamaguchi.ClassFieldTheory.AlgebraicNumberTheory.Idele.Cohomology.SupportedBridge (14s)
✔ [4669/4674] Built UnitDistance.Upstream.Yamaguchi.ClassFieldTheory.AlgebraicNumberTheory.Idele.Cohomology.SPlaces.Herbrand.Local (12s)
✔ [4670/4674] Built UnitDistance.Upstream.Yamaguchi.ClassFieldTheory.AlgebraicNumberTheory.Idele.Cohomology.SPlaces.Herbrand.FamilyFinite (16s)
✔ [4671/4676] Built UnitDistance.Upstream.Yamaguchi.ClassFieldTheory.AlgebraicNumberTheory.SUnit.Herbrand (64s)
✔ [4672/4676] Built UnitDistance.Upstream.Yamaguchi.ClassFieldTheory.AlgebraicNumberTheory.Idele.Cohomology.SPlaces.Herbrand.FamilyCardinality (36s)
✔ [4673/4676] Built UnitDistance.Upstream.Yamaguchi.GaloisCohomology.Cyclic.Herbrand.HerbrandLowDegree.Index (3.8s)
✔ [4674/4676] Built UnitDistance.Upstream.Yamaguchi.ClassFieldTheory.AlgebraicNumberTheory.Idele.Cohomology.SPlaces.Herbrand.Factors (54s)
✔ [4675/4685] Built UnitDistance.Upstream.Yamaguchi.ClassFieldTheory.AlgebraicNumberTheory.Idele.Cohomology.HerbrandExactSequence (7.5s)
✔ [4679/4688] Built UnitDistance.Upstream.Yamaguchi.ClassFieldTheory.AlgebraicNumberTheory.Completion.UnramifiedComparison.LocalNorm (15s)
✔ [4680/4688] Built UnitDistance.Upstream.Yamaguchi.ClassFieldTheory.AlgebraicNumberTheory.Completion.UnramifiedComparison.CompletionToIdeal (29s)
✔ [4681/4691] Built UnitDistance.Upstream.Yamaguchi.ClassFieldTheory.AlgebraicNumberTheory.Ramification.Splitting.NormalClosure (15s)
✔ [4682/4691] Built UnitDistance.Upstream.Yamaguchi.ClassFieldTheory.GlobalClassFieldTheory.Cohomology.IdeleClassHerbrandSupportedFinal (29s)
✔ [4683/4691] Built UnitDistance.Upstream.Yamaguchi.ClassFieldTheory.KummerTheory.Concrete.FinitePlaceDecomposition (18s)
✔ [4684/4691] Built UnitDistance.Upstream.Yamaguchi.ClassFieldTheory.GlobalClassFieldTheory.Cohomology.CyclicPrimePowerFullDecomposition (12s)
✔ [4685/4691] Built UnitDistance.Upstream.Yamaguchi.ClassFieldTheory.GlobalClassFieldTheory.ClassFieldAxiom.SUnitKummerPrimeSelection.BasePlaceSelection (16s)
✔ [4686/4691] Built UnitDistance.Upstream.Yamaguchi.ClassFieldTheory.GlobalClassFieldTheory.ClassFieldAxiom.SUnitKummerPrimeSelection.PrimeSet (7.1s)
✔ [4687/4693] Built UnitDistance.Upstream.Yamaguchi.ClassFieldTheory.GlobalClassFieldTheory.ClassFieldAxiom.SUnitKummerPrimeSelection.CoordinatePlaces (11s)
✔ [4688/4696] Built UnitDistance.Upstream.Yamaguchi.ClassFieldTheory.GlobalClassFieldTheory.ClassFieldAxiom.SUnitKummerPrimeSelection.DecompositionFields (13s)
✔ [4689/4696] Built UnitDistance.Upstream.Yamaguchi.ValuedFieldTheory.LocalField.NonarchimedeanLocalField.NormalizedIntegerValuation (6.6s)
✔ [4690/4696] Built UnitDistance.Upstream.Yamaguchi.ClassFieldTheory.GlobalClassFieldTheory.ClassFieldAxiom.SUnitKummerPrimeSelection.Conclusion (10s)
✔ [4691/4702] Built UnitDistance.Upstream.Yamaguchi.GaloisCohomology.Kummer.Concrete.MaximalKummerSubgroup (3.0s)
✔ [4692/4702] Built UnitDistance.Upstream.Yamaguchi.ValuedFieldTheory.LocalField.NonarchimedeanLocalField.PowerClassFiniteness (4.8s)
✔ [4693/4702] Built UnitDistance.Upstream.Yamaguchi.ClassFieldTheory.GlobalClassFieldTheory.ClassFieldAxiom.SUnitLocalPowerMap (24s)
✔ [4694/4704] Built UnitDistance.Upstream.Yamaguchi.ValuedFieldTheory.Ramification.Different (15s)
✔ [4695/4705] Built UnitDistance.Upstream.Yamaguchi.GaloisCohomology.Kummer.Concrete.LocalMaximalKummerExtension (4.3s)
✔ [4696/4705] Built UnitDistance.Upstream.Yamaguchi.GaloisCohomology.Kummer.Concrete.LocalUnitKummerUnramified (6.3s)
✔ [4697/4705] Built UnitDistance.Upstream.Yamaguchi.ClassFieldTheory.GlobalClassFieldTheory.ClassFieldAxiom.SupportedIdelePowerLocalUnitQuotient (11s)
✔ [4698/4706] Built UnitDistance.Upstream.Yamaguchi.GaloisCohomology.Kummer.Concrete.SimpleExtension (7.3s)
✔ [4699/4706] Built UnitDistance.Upstream.Yamaguchi.ClassFieldTheory.GlobalClassFieldTheory.ClassFieldAxiom.IdeleClassPowerLocalUnitQuotient.SupportedPrincipalQuotient (14s)
✔ [4700/4706] Built UnitDistance.Upstream.Yamaguchi.ClassFieldTheory.GlobalClassFieldTheory.ClassFieldAxiom.IdeleClassPowerLocalUnitQuotient.SupportedIdeleIndex (6.7s)
✔ [4701/4708] Built UnitDistance.Upstream.Yamaguchi.ClassFieldTheory.KummerTheory.Concrete.SimpleExtensionLocalBehavior (38s)
✔ [4702/4709] Built UnitDistance.Upstream.Yamaguchi.ClassFieldTheory.GlobalClassFieldTheory.ClassFieldAxiom.KummerLocalNormContainment (22s)
✔ [4703/4712] Built UnitDistance.Upstream.Yamaguchi.ClassFieldTheory.AlgebraicNumberTheory.TensorProduct (3.8s)
✔ [4704/4712] Built UnitDistance.Upstream.Yamaguchi.ClassFieldTheory.GlobalClassFieldTheory.ClassFieldAxiom.IdelePowerLocalUnitNormContainment (22s)
✔ [4705/4712] Built UnitDistance.Upstream.Yamaguchi.ClassFieldTheory.AlgebraicNumberTheory.Galois.CyclicPrimeDegreeSubextension (5.4s)
✔ [4706/4712] Built UnitDistance.Upstream.Yamaguchi.ClassFieldTheory.KummerTheory.Concrete.CyclotomicPrimeBaseChange (4.4s)
✔ [4707/4712] Built UnitDistance.Upstream.Yamaguchi.ClassFieldTheory.AlgebraicNumberTheory.Ramification.Splitting.PrimeOrderFixedField (6.1s)
✔ [4708/4713] Built UnitDistance.Upstream.Yamaguchi.ClassFieldTheory.GlobalClassFieldTheory.ClassFieldAxiom.IdeleClassPowerLocalUnitQuotient.NormContainment (5.7s)
✔ [4709/4713] Built UnitDistance.Upstream.Yamaguchi.ClassFieldTheory.GlobalClassFieldTheory.ClassFieldAxiom.IdeleClassPowerLocalUnitQuotient.PrimePowerKummerIndex (13s)
✔ [4710/4714] Built UnitDistance.Upstream.Yamaguchi.ClassFieldTheory.AbstractClassFieldTheory.Reciprocity.FiniteAbelianSubextension (7.3s)
✔ [4711/4714] Built UnitDistance.Upstream.Yamaguchi.ClassFieldTheory.GlobalClassFieldTheory.ClassFieldAxiom.CyclicIdeleClassNormIndex (36s)
✔ [4712/4714] Built UnitDistance.Upstream.Yamaguchi.ClassFieldTheory.AlgebraicNumberTheory.Galois.FixedFieldLattice (2.9s)
✔ [4713/4716] Built UnitDistance.Upstream.Yamaguchi.ClassFieldTheory.GlobalClassFieldTheory.ClassFieldAxiom.IdeleClassFormation (15s)
✔ [4714/4716] Built UnitDistance.Upstream.Yamaguchi.GaloisCohomology.Kummer.Concrete.Cyclotomic.RationalCyclotomicField (4.4s)
✔ [4715/4719] Built UnitDistance.Upstream.Yamaguchi.GaloisCohomology.Kummer.Concrete.Cyclotomic.RationalCyclotomicTorsionField (4.9s)
✔ [4716/4719] Built UnitDistance.Upstream.Yamaguchi.GaloisCohomology.ProfiniteIntegers.ProfiniteIntegerPrimeProduct (3.9s)
✔ [4718/4735] Built UnitDistance.Upstream.Yamaguchi.GaloisCohomology.ProfiniteIntegers.ProfiniteIntegerUnits (2.9s)
✔ [4728/4735] Built UnitDistance.Upstream.Yamaguchi.GaloisCohomology.ProfiniteIntegers.CyclotomicTorsionQuotient (2.8s)
✔ [4731/4738] Built UnitDistance.Upstream.Yamaguchi.ValuedFieldTheory.LocalField.Padic.UnitDecomposition (11s)
✔ [4732/4739] Built UnitDistance.Upstream.Yamaguchi.GaloisCohomology.Kummer.Concrete.Cyclotomic.ProfiniteUnitDecomposition.Basic (3.8s)
✔ [4733/4740] Built UnitDistance.Upstream.Yamaguchi.GaloisCohomology.Kummer.Concrete.Cyclotomic.RationalCyclotomicCharacter (11s)
✔ [4734/4741] Built UnitDistance.Upstream.Yamaguchi.GaloisCohomology.Kummer.Concrete.Cyclotomic.ProfiniteUnitDecomposition.Local (3.9s)
✔ [4735/4742] Built UnitDistance.Upstream.Yamaguchi.GaloisCohomology.Kummer.Concrete.Cyclotomic.RationalCyclotomicCharacterEquiv (40s)
✔ [4736/4744] Built UnitDistance.Upstream.Yamaguchi.GaloisCohomology.Kummer.Concrete.Cyclotomic.ProfiniteUnitDecomposition.FiniteFree (37s)
✔ [4737/4747] Built UnitDistance.Upstream.Yamaguchi.GaloisCohomology.Kummer.Concrete.Cyclotomic.ProfiniteUnitDecomposition.Gather (4.4s)
✔ [4738/4747] Built UnitDistance.Upstream.Yamaguchi.GaloisCohomology.Kummer.Concrete.Cyclotomic.ProfiniteUnitDecomposition.Decomposition (4.8s)
✔ [4739/4749] Built UnitDistance.Upstream.Yamaguchi.GaloisCohomology.Kummer.Concrete.Cyclotomic.ProfiniteUnitDecomposition.Swap (35s)
✔ [4740/4749] Built UnitDistance.Upstream.Yamaguchi.GaloisCohomology.Kummer.Concrete.Cyclotomic.ProfiniteUnitDecomposition.DenseTorsion (4.1s)
✔ [4741/4749] Built UnitDistance.Upstream.Yamaguchi.ClassFieldTheory.AlgebraicNumberTheory.Galois.InfiniteBaseChange (7.1s)
✔ [4742/4750] Built UnitDistance.Upstream.Yamaguchi.GaloisCohomology.Kummer.Concrete.Cyclotomic.ProfiniteUnitDecomposition.TorsionQuotientEquiv (5.9s)
✔ [4743/4754] Built UnitDistance.Upstream.Yamaguchi.GaloisCohomology.Kummer.Concrete.Cyclotomic.ProfiniteUnitDecomposition.TorsionQuotientMk (3.8s)
✔ [4744/4755] Built UnitDistance.Upstream.Yamaguchi.ClassFieldTheory.LocalClassFieldTheory.Finite.LocalReciprocity.UnramifiedComparison (15s)
✔ [4745/4755] Built UnitDistance.Upstream.Yamaguchi.GaloisCohomology.Kummer.Concrete.Cyclotomic.ProfiniteUnitDecomposition.CyclotomicQuotient (36s)
✔ [4746/4755] Built UnitDistance.Upstream.Yamaguchi.ValuedFieldTheory.LocalField.NonarchimedeanLocalField.FiniteExtensionTopology (4.9s)
✔ [4747/4755] Built UnitDistance.Upstream.Yamaguchi.GaloisCohomology.Kummer.Concrete.Cyclotomic.ProfiniteUnitDecomposition.FreeCoordinate (4.1s)
✔ [4748/4758] Built UnitDistance.Upstream.Yamaguchi.ClassFieldTheory.LocalClassFieldTheory.Finite.LocalReciprocity.FixedFieldLocalData (64s)
✔ [4749/4765] Built UnitDistance.Upstream.Yamaguchi.GaloisCohomology.Kummer.Concrete.Cyclotomic.ProfiniteUnitDecomposition.FiniteOrder (43s)
✔ [4750/4765] Built UnitDistance.Upstream.Yamaguchi.ClassFieldTheory.LocalClassFieldTheory.Finite.LocalReciprocity.FixedFieldIntrinsicReciprocity.BaseComparison.IntrinsicBaseEquivalence (52s)
✔ [4751/4765] Built UnitDistance.Upstream.Yamaguchi.ClassFieldTheory.LocalClassFieldTheory.Finite.LocalReciprocity.FixedFieldRelativeNorm (8.8s)
✔ [4752/4765] Built UnitDistance.Upstream.Yamaguchi.ClassFieldTheory.GlobalClassFieldTheory.Reciprocity.CyclotomicTorsionFixedField (38s)
✔ [4753/4765] Built UnitDistance.Upstream.Yamaguchi.ClassFieldTheory.LocalClassFieldTheory.Finite.LocalReciprocity.FixedFieldIntrinsicReciprocity.BaseComparison.EmbeddedExtensionQuotient (15s)
✔ [4754/4765] Built UnitDistance.Upstream.Yamaguchi.ClassFieldTheory.LocalClassFieldTheory.Finite.LocalReciprocity.FixedFieldNormResidueNaturality (20s)
✔ [4755/4765] Built UnitDistance.Upstream.Yamaguchi.ClassFieldTheory.GlobalClassFieldTheory.Reciprocity.CyclotomicZHatBaseChange (87s)
✔ [4756/4766] Built UnitDistance.Upstream.Yamaguchi.ClassFieldTheory.LocalClassFieldTheory.Finite.LocalReciprocity.FixedFieldIntrinsicReciprocity.BaseComparison.EmbeddedInertiaComparison (8.2s)
✔ [4757/4766] Built UnitDistance.Upstream.Yamaguchi.ClassFieldTheory.LocalClassFieldTheory.Finite.LocalReciprocity.FixedFieldIntrinsicReciprocity.BaseComparison.FixedFieldNormQuotient (91s)
✔ [4759/4769] Built UnitDistance.Upstream.Yamaguchi.ClassFieldTheory.LocalClassFieldTheory.Finite.LocalReciprocity.FixedFieldIntrinsicReciprocity.BaseComparison.FixedFieldSpecialization (33s)
✔ [4760/4769] Built UnitDistance.Upstream.Yamaguchi.ClassFieldTheory.GlobalClassFieldTheory.Reciprocity.FiniteGaloisRealizationCore (22s)
✔ [4762/4775] Built UnitDistance.Upstream.Yamaguchi.ClassFieldTheory.GlobalClassFieldTheory.Reciprocity.FiniteGaloisRealizationSubextension (7.1s)
✔ [4764/4777] Built UnitDistance.Upstream.Yamaguchi.SawinTotallyRealTowers.UnramifiedProPRelationRank.Global.IdeleClassPGroupH1 (23s)
✔ [4768/4777] Built UnitDistance.Upstream.Yamaguchi.SawinTotallyRealTowers.UnramifiedProPRelationRank.Global.FiniteIdeleH2Injection (5.9s)
✔ [4770/4780] Built UnitDistance.Upstream.Yamaguchi.SawinTotallyRealTowers.UnramifiedProPRelationRank.Global.FiniteFieldUnitsIdelePrimitive (5.5s)
⚠ [4772/4786] Built UnitDistance.TotallyComplexFieldUnitsH2 (4.6s)
warning: UnitDistance/TotallyComplexFieldUnitsH2.lean:39:0: automatically included section variable(s) unused in theorem `UnitDistance.ArithmeticProP.chosenInfinitePlace_isUnramified_of_totallyComplex`:
  [NumberField K]
  [NumberField L]
  [FiniteDimensional K L]
consider restructuring your `variable` declarations so that the variables are not in scope or explicitly omit them:
  omit [NumberField K] [NumberField L] [FiniteDimensional K L] in theorem ...

Note: This linter can be disabled with `set_option linter.unusedSectionVars false`
✔ [4784/4786] Built UnitDistance.Upstream.Yamaguchi.SawinTotallyRealTowers.UnramifiedProPRelationRank.Global.MaximalEverywhereUnramifiedProPGalois (5.8s)
✔ [4785/4803] Built UnitDistance.Upstream.Yamaguchi.SawinTotallyRealTowers.UnramifiedProPRelationRank.RelationRank.AbsoluteUnramifiedGaloisSequence (5.2s)
✔ [4798/4809] Built UnitDistance.Upstream.Yamaguchi.ValuedFieldTheory.Ramification.HilbertRamification.LocalizationRamificationGroups (53s)
✔ [4799/4809] Built UnitDistance.Upstream.Yamaguchi.SawinTotallyRealTowers.UnramifiedProPRelationRank.Local.FinitePlaceH2Localization (6.6s)
✔ [4800/4809] Built UnitDistance.Upstream.Yamaguchi.GaloisCohomology.Kummer.Concrete.ContinuousCharacters (3.6s)
✔ [4802/4809] Built UnitDistance.Upstream.Yamaguchi.SawinTotallyRealTowers.UnramifiedProPRelationRank.Local.FinitePlaceUnramifiedH1 (6.0s)
✔ [4803/4809] Built UnitDistance.Upstream.Yamaguchi.GaloisCohomology.Kummer.Concrete.InfiniteCharacterEquiv (5.5s)
✔ [4804/4811] Built UnitDistance.Upstream.Yamaguchi.SawinTotallyRealTowers.UnramifiedProPRelationRank.RelationRank.FinitePlaceAbsoluteInertiaKernel (6.5s)
✔ [4805/4811] Built UnitDistance.Upstream.Yamaguchi.GaloisCohomology.Kummer.Concrete.AbsoluteKummerH1 (5.8s)
✔ [4807/4811] Built UnitDistance.AbsoluteProPUnramified (5.2s)
✔ [4808/4812] Built UnitDistance.Upstream.Yamaguchi.SawinTotallyRealTowers.UnramifiedProPRelationRank.Kummer.AbsoluteKummerH1Linear (6.0s)
✔ [4810/4812] Built UnitDistance.Upstream.Yamaguchi.SawinTotallyRealTowers.UnramifiedProPRelationRank.Kummer.AbsoluteMuPTopRep (12s)
✔ [4811/4817] Built UnitDistance.Upstream.Yamaguchi.SawinTotallyRealTowers.UnramifiedProPRelationRank.Kummer.FiniteUnitBoundaryMuPPrimitive (15s)
✔ [4814/4817] Built UnitDistance.Upstream.Yamaguchi.SawinTotallyRealTowers.UnramifiedProPRelationRank.Kummer.AbsoluteMuPTrivialization (7.1s)
✔ [4815/4817] Built UnitDistance.Upstream.Yamaguchi.GaloisCohomology.Kummer.FiniteKummerCoefficientH2 (6.2s)
✔ [4816/4837] Built UnitDistance.Upstream.Yamaguchi.SawinTotallyRealTowers.UnramifiedProPRelationRank.Kummer.FiniteKummerMuPCoefficients (4.7s)
✔ [4869/4873] Built UnitDistance.Upstream.Yamaguchi.GaloisCohomology.ProP.H2CentralExtensionClass (5.2s)
✔ [4870/4873] Built UnitDistance.Upstream.Yamaguchi.GaloisCohomology.ProP.H2CocycleExtensionSplitting (7.4s)
✔ [4871/4873] Built UnitDistance.Upstream.Yamaguchi.GaloisCohomology.ProP.H2CocycleExtensionPullback (5.5s)
✔ [4872/4873] Built UnitDistance.Upstream.Yamaguchi.SawinTotallyRealTowers.UnramifiedProPRelationRank.Kummer.FiniteKummerAbsoluteLift (8.6s)
✔ [4873/4873] Built UnitDistance.ProPStageRestriction (5.6s)
Build completed successfully (4873 jobs).
