⚠ [3684/3762] Replayed UnitDistance.Upstream.Yamaguchi.GaloisCohomology.Cyclic.Herbrand.HerbrandLowDegree.Cardinality
warning: UnitDistance/Upstream/Yamaguchi/GaloisCohomology/Cyclic/Herbrand/HerbrandLowDegree/Cardinality.lean:62:27: This simp argument is unused:
  Rep.hom_comm_apply

Hint: Omit it from the simp argument list.
  simp [Rep.FiniteCyclicGroup.subCompNormHom, Rep.norm, Representation.norm, R̵e̵p̵.̵h̵o̵m̵_̵c̵o̵m̵m̵_̵a̵p̵p̵l̵y̵,̵ ̵hf]

Note: This linter can be disabled with `set_option linter.unusedSimpArgs false`
✔ [4678/4682] Built UnitDistance.Upstream.Yamaguchi.ClassFieldTheory.GlobalClassFieldTheory.Reciprocity.NormQuotient (7.5s)
✔ [4679/4682] Built UnitDistance.Upstream.Yamaguchi.ClassFieldTheory.GlobalClassFieldTheory.ClassFieldAxiom.HasseNormPrinciple (22s)
✔ [4680/4682] Built UnitDistance.Upstream.Yamaguchi.ClassFieldTheory.AlgebraicNumberTheory.Idele.SinglePlace (9.3s)
✔ [4681/4684] Built UnitDistance.Upstream.Yamaguchi.ClassFieldTheory.GlobalClassFieldTheory.Reciprocity.FiniteLocalFamily (6.0s)
✔ [4683/4691] Built UnitDistance.Upstream.Yamaguchi.ClassFieldTheory.GlobalClassFieldTheory.Reciprocity.FinitePlaceArtin.Construction (40s)
✔ [4687/4691] Built UnitDistance.Upstream.Yamaguchi.ClassFieldTheory.LocalClassFieldTheory.Finite.LocalReciprocity.GeneralTowerNaturality (9.1s)
✔ [4688/4691] Built UnitDistance.Upstream.Yamaguchi.ClassFieldTheory.GlobalClassFieldTheory.Reciprocity.FinitePlaceArtin.Conjugation (35s)
✔ [4689/4691] Built UnitDistance.Upstream.Yamaguchi.ClassFieldTheory.GlobalClassFieldTheory.Reciprocity.FinitePlaceArtin.TowerRestriction (50s)
✔ [4690/4691] Built UnitDistance.Upstream.Yamaguchi.ClassFieldTheory.GlobalClassFieldTheory.Reciprocity.FinitePlaceArtin.CrossLocalRestriction (41s)
✔ [4703/4714] Built UnitDistance.Upstream.Yamaguchi.ClassFieldTheory.LocalClassFieldTheory.Finite.LocalReciprocity.FixedFieldIntrinsicReciprocity.EmbeddedFrobeniusTransport (50s)
✔ [4704/4714] Built UnitDistance.Upstream.Yamaguchi.ClassFieldTheory.AlgebraicNumberTheory.Idele.Extension.IdeleNormComponents (23s)
✔ [4705/4717] Built UnitDistance.Upstream.Yamaguchi.ClassFieldTheory.LocalClassFieldTheory.Finite.LocalReciprocity.FixedFieldIntrinsicReciprocity.AmbientPrimeNormTransport (16s)
✔ [4706/4717] Built UnitDistance.Upstream.Yamaguchi.ClassFieldTheory.LocalClassFieldTheory.Finite.LocalReciprocity.FixedFieldIntrinsicReciprocity.AmbientNormResidue (14s)
✔ [4707/4717] Built UnitDistance.Upstream.Yamaguchi.ClassFieldTheory.AlgebraicNumberTheory.Idele.Extension.NormLocalOrder (7.2s)
✔ [4708/4719] Built UnitDistance.Upstream.Yamaguchi.ClassFieldTheory.LocalClassFieldTheory.Finite.LocalReciprocity.FixedFieldIntrinsicReciprocity.AmbientPrimeWitness (37s)
✔ [4709/4722] Built UnitDistance.Upstream.Yamaguchi.ClassFieldTheory.AlgebraicNumberTheory.Idele.NormTopology.Continuity (7.7s)
✔ [4710/4722] Built UnitDistance.Upstream.Yamaguchi.ClassFieldTheory.LocalClassFieldTheory.Finite.LocalReciprocity.FixedFieldIntrinsicReciprocity.AmbientPrimeSymbolSetup (12s)
✔ [4711/4722] Built UnitDistance.Upstream.Yamaguchi.ClassFieldTheory.AlgebraicNumberTheory.Idele.Relative.InfinitePlaceTensorNorm (9.9s)
✔ [4712/4722] Built UnitDistance.Upstream.Yamaguchi.ClassFieldTheory.GlobalClassFieldTheory.Cohomology.CofinitelySplitFiniteExtension (7.0s)
✔ [4713/4722] Built UnitDistance.Upstream.Yamaguchi.ClassFieldTheory.LocalClassFieldTheory.Finite.LocalReciprocity.FixedFieldIntrinsicReciprocity.AmbientPrimeWitnessComparison (25s)
✔ [4714/4722] Built UnitDistance.Upstream.Yamaguchi.ClassFieldTheory.GlobalClassFieldTheory.Reciprocity.InfinitePlaceArtin (8.3s)
✔ [4715/4722] Built UnitDistance.Upstream.Yamaguchi.ClassFieldTheory.LocalClassFieldTheory.Finite.LocalReciprocity.FixedFieldIntrinsicReciprocity.AmbientPrimeComparison (8.0s)
✔ [4716/4722] Built UnitDistance.Upstream.Yamaguchi.ClassFieldTheory.LocalClassFieldTheory.Finite.LocalReciprocity.FixedFieldIntrinsicReciprocity.NormRestriction (30s)
✔ [4717/4722] Built UnitDistance.Upstream.Yamaguchi.ClassFieldTheory.GlobalClassFieldTheory.Reciprocity.FinitePlaceArtin.NormRestriction (51s)
✔ [4718/4722] Built UnitDistance.Upstream.Yamaguchi.ClassFieldTheory.GlobalClassFieldTheory.Reciprocity.FinitePlaceArtin.Core (12s)
✔ [4719/4722] Built UnitDistance.Upstream.Yamaguchi.ClassFieldTheory.GlobalClassFieldTheory.Reciprocity.FiniteIdeleArtin (9.6s)
✔ [4720/4724] Built UnitDistance.Upstream.Yamaguchi.ClassFieldTheory.GlobalClassFieldTheory.Reciprocity.GlobalArtin (8.6s)
✔ [4721/4724] Built UnitDistance.Upstream.Yamaguchi.ClassFieldTheory.GlobalClassFieldTheory.Reciprocity.GlobalArtinFiniteSupportApproximation (9.2s)
✔ [4722/4733] Built UnitDistance.Upstream.Yamaguchi.ClassFieldTheory.AlgebraicNumberTheory.RayClass.Rational (8.2s)
✔ [4730/4733] Built UnitDistance.Upstream.Yamaguchi.ClassFieldTheory.GlobalClassFieldTheory.Reciprocity.RationalCyclotomicLocalization (17s)
✔ [4731/4733] Built UnitDistance.Upstream.Yamaguchi.ClassFieldTheory.GlobalClassFieldTheory.Reciprocity.RationalPrimeFactorization (5.7s)
✔ [4732/4740] Built UnitDistance.Upstream.Yamaguchi.ClassFieldTheory.GlobalClassFieldTheory.Reciprocity.RationalCyclotomicFinitePlace (4.8s)
✔ [4733/4746] Built UnitDistance.Upstream.Yamaguchi.ClassFieldTheory.LubinTate.FormalModule.Series (2.6s)
✔ [4734/4746] Built UnitDistance.Upstream.Yamaguchi.ClassFieldTheory.LubinTate.FormalModule.CoefficientEquation (2.4s)
✔ [4735/4746] Built UnitDistance.Upstream.Yamaguchi.ValuedFieldTheory.Valuation.DiscreteValuationField.AddVal (1.0s)
✔ [4736/4749] Built UnitDistance.Upstream.Yamaguchi.ClassFieldTheory.LubinTate.FormalModule.StandardSeries (3.0s)
✔ [4737/4750] Built UnitDistance.Upstream.Yamaguchi.ValuedFieldTheory.LocalField.DiscreteValuationField.RamificationAddVal (4.5s)
✔ [4738/4750] Built UnitDistance.Upstream.Yamaguchi.ClassFieldTheory.LubinTate.FiniteLevel.DivisionPolynomial (3.4s)
✔ [4740/4750] Built UnitDistance.Upstream.Yamaguchi.ClassFieldTheory.LocalClassFieldTheory.Finite.LocalReciprocity.SemilinearNaturality (4.9s)
✔ [4741/4750] Built UnitDistance.Upstream.Yamaguchi.ClassFieldTheory.LubinTate.FiniteLevel.PrimitiveEisenstein (2.7s)
✔ [4742/4753] Built UnitDistance.Upstream.Yamaguchi.ClassFieldTheory.LubinTate.Padic.MultiplicativeSeries (4.2s)
✔ [4743/4753] Built UnitDistance.Upstream.Yamaguchi.ClassFieldTheory.LubinTate.FiniteLevel.PrimitiveRoot (3.4s)
✔ [4745/4753] Built UnitDistance.Upstream.Yamaguchi.ClassFieldTheory.LubinTate.FiniteLevel.PrimitiveTorsion (3.3s)
✔ [4747/4753] Built UnitDistance.Upstream.Yamaguchi.ClassFieldTheory.LubinTate.FiniteLevel.PrimitiveUniformizer (25s)
✔ [4749/4753] Built UnitDistance.Upstream.Yamaguchi.ClassFieldTheory.LubinTate.FiniteLevel.NormUniformizer (3.4s)
✔ [4750/4753] Built UnitDistance.Upstream.Yamaguchi.ClassFieldTheory.LubinTate.FiniteLevel.NormSubgroup (3.0s)
✔ [4751/4753] Built UnitDistance.Upstream.Yamaguchi.ClassFieldTheory.LubinTate.FiniteLevel.ChangedUniformizer (4.5s)
✔ [4752/4755] Built UnitDistance.Upstream.Yamaguchi.ClassFieldTheory.GlobalClassFieldTheory.Reciprocity.RationalPrincipalLocalUnit (6.7s)
✔ [4753/4756] Built UnitDistance.Upstream.Yamaguchi.ClassFieldTheory.LubinTate.FormalModule.LinearTerm (2.3s)
✔ [4754/4769] Built UnitDistance.Upstream.Yamaguchi.ClassFieldTheory.LubinTate.FormalModule.Intertwiner (3.0s)
✔ [4761/4769] Built UnitDistance.Upstream.Yamaguchi.ClassFieldTheory.LubinTate.FiniteLevel.ParameterCongruence (3.3s)
✔ [4762/4771] Built UnitDistance.Upstream.Yamaguchi.ClassFieldTheory.LubinTate.FormalModule.Reduction (3.8s)
✔ [4763/4775] Built UnitDistance.Upstream.Yamaguchi.ClassFieldTheory.LubinTate.FormalModule.RecursiveCoefficient (2.9s)
✔ [4765/4775] Built UnitDistance.Upstream.Yamaguchi.ClassFieldTheory.LubinTate.FormalModule.RecursiveCorrection (6.2s)
✔ [4766/4775] Built UnitDistance.Upstream.Yamaguchi.ClassFieldTheory.LubinTate.FormalModule.DegreeStabilization (7.9s)
✔ [4769/4775] Built UnitDistance.Upstream.Yamaguchi.ClassFieldTheory.LubinTate.FormalModule.RecursiveIntertwiner (7.5s)
✔ [4771/4778] Built UnitDistance.Upstream.Yamaguchi.ClassFieldTheory.LubinTate.FormalModule.StandardFormalGroup (4.9s)
✔ [4772/4778] Built UnitDistance.Upstream.Yamaguchi.ValuedFieldTheory.Ramification.HilbertRamification.RamificationNumber (4.7s)
✔ [4773/4781] Built UnitDistance.Upstream.Yamaguchi.ClassFieldTheory.LubinTate.FiniteLevel.CompletedEvaluation (11s)
✔ [4774/4781] Built UnitDistance.Upstream.Yamaguchi.ClassFieldTheory.LubinTate.FiniteLevel.PrimitiveAction (17s)
✔ [4775/4783] Built UnitDistance.Upstream.Yamaguchi.ClassFieldTheory.LubinTate.FiniteLevel.ChangedPrimitiveEvaluation (9.2s)
✔ [4777/4784] Built UnitDistance.Upstream.Yamaguchi.ClassFieldTheory.LubinTate.FiniteLevel.FiniteParameters (6.4s)
✔ [4778/4784] Built UnitDistance.Upstream.Yamaguchi.ClassFieldTheory.LubinTate.FiniteLevel.CompletedIterates (8.0s)
✔ [4779/4785] Built UnitDistance.Upstream.Yamaguchi.ClassFieldTheory.LubinTate.FiniteLevel.LevelAutomorphisms (12s)
✔ [4780/4785] Built UnitDistance.Upstream.Yamaguchi.ValuedFieldTheory.LocalField.DiscreteValuationField.PolynomialRootProximity (2.6s)
✔ [4781/4785] Built UnitDistance.Upstream.Yamaguchi.ClassFieldTheory.LubinTate.FiniteLevel.LevelValuation (3.6s)
✔ [4782/4785] Built UnitDistance.Upstream.Yamaguchi.ValuedFieldTheory.Ramification.HilbertRamification.GaloisStabilizer (2.3s)
✔ [4783/4785] Built UnitDistance.Upstream.Yamaguchi.ClassFieldTheory.LubinTate.FiniteLevel.PrimitiveDisplacement (14s)
✔ [4784/4791] Built UnitDistance.Upstream.Yamaguchi.ClassFieldTheory.LubinTate.FiniteLevel.ChangedLevelCompositum (28s)
✔ [4786/4793] Built UnitDistance.Upstream.Yamaguchi.ValuedFieldTheory.Ramification.Herbrand.Function (4.5s)
✔ [4787/4793] Built UnitDistance.Upstream.Yamaguchi.ValuedFieldTheory.Ramification.Herbrand.Tower (4.0s)
✔ [4788/4793] Built UnitDistance.Upstream.Yamaguchi.ValuedFieldTheory.Ramification.Herbrand.Average (5.0s)
✔ [4789/4793] Built UnitDistance.Upstream.Yamaguchi.ValuedFieldTheory.Ramification.HilbertRamification.RamificationDepth (5.9s)
✔ [4790/4794] Built UnitDistance.Upstream.Yamaguchi.ValuedFieldTheory.Ramification.HilbertRamification.ValuationRestriction (2.9s)
✔ [4791/4794] Built UnitDistance.Upstream.Yamaguchi.ValuedFieldTheory.Ramification.HilbertRamification.ValuationKrasner (3.3s)
✔ [4792/4794] Built UnitDistance.Upstream.Yamaguchi.ValuedFieldTheory.LocalField.DiscreteValuationField.PadicValuationComparison (2.8s)
✔ [4793/4823] Built UnitDistance.Upstream.Yamaguchi.ClassFieldTheory.LubinTate.FiniteLevel.HigherUnitLevelEquiv (42s)
✔ [4818/4824] Built UnitDistance.Upstream.Yamaguchi.ValuedFieldTheory.Valuation.Topology.AdicContractingFixedPoint (2.7s)
✔ [4819/4825] Built UnitDistance.Upstream.Yamaguchi.ClassFieldTheory.LubinTate.Padic.ChangedUniformizerCoefficient (4.5s)
✔ [4820/4825] Built UnitDistance.Upstream.Yamaguchi.ClassFieldTheory.LubinTate.Padic.CompletedUnramifiedField (11s)
✔ [4821/4827] Built UnitDistance.Upstream.Yamaguchi.ClassFieldTheory.LubinTate.Padic.ChangedUniformizerIntertwiner.CompletedSeries (4.6s)
✔ [4822/4828] Built UnitDistance.Upstream.Yamaguchi.ClassFieldTheory.LubinTate.Padic.CompletedLevel (8.7s)
✔ [4824/4828] Built UnitDistance.Upstream.Yamaguchi.ClassFieldTheory.LubinTate.Padic.MultiplicativeEvaluation.CompletedCoefficientEvaluation (5.2s)
✔ [4825/4830] Built UnitDistance.Upstream.Yamaguchi.ClassFieldTheory.LubinTate.Padic.CompletedPrimitiveIrreducible (5.5s)
✔ [4826/4833] Built UnitDistance.Upstream.Yamaguchi.ClassFieldTheory.LubinTate.Padic.ChangedUniformizerIntertwiner.DefectCorrection (5.7s)
✔ [4827/4834] Built UnitDistance.Upstream.Yamaguchi.ClassFieldTheory.LubinTate.Padic.ChangedUniformizerIntertwiner.IntertwinerConstruction (6.6s)
✔ [4828/4834] Built UnitDistance.Upstream.Yamaguchi.ClassFieldTheory.LubinTate.Padic.MultiplicativeIntertwiner (4.0s)
✔ [4829/4834] Built UnitDistance.Upstream.Yamaguchi.ClassFieldTheory.LubinTate.Padic.ChangedUniformizerIntertwiner.ScalarEndomorphisms (5.9s)
✔ [4830/4839] Built UnitDistance.Upstream.Yamaguchi.ClassFieldTheory.LubinTate.Padic.MultiplicativeEvaluation.FiniteLevelEvaluation (14s)
✔ [4831/4839] Built UnitDistance.Upstream.Yamaguchi.ClassFieldTheory.LubinTate.Padic.ChangedUniformizerIntertwiner.ScalarCompatibility (3.8s)
✔ [4832/4839] Built UnitDistance.Upstream.Yamaguchi.ClassFieldTheory.LubinTate.FiniteLevel.LevelAbelian (3.7s)
✔ [4833/4842] Built UnitDistance.Upstream.Yamaguchi.ClassFieldTheory.LubinTate.Padic.MultiplicativeEvaluation.CompletedScalarEndomorphism (5.5s)
✔ [4834/4842] Built UnitDistance.Upstream.Yamaguchi.ClassFieldTheory.LubinTate.Padic.MultiplicativeEvaluation.FiniteLevelPrimitiveRoot (26s)
✔ [4835/4844] Built UnitDistance.Upstream.Yamaguchi.ClassFieldTheory.LubinTate.Padic.MultiplicativeEvaluation.CompletedPrimitivePoint (3.4s)
✔ [4836/4847] Built UnitDistance.Upstream.Yamaguchi.ClassFieldTheory.LubinTate.Padic.MultiplicativeEvaluation.Core (6.7s)
✔ [4837/4847] Built UnitDistance.Upstream.Yamaguchi.ClassFieldTheory.LubinTate.Padic.CompletedUnramifiedFrobeniusFixed (6.4s)
✔ [4838/4851] Built UnitDistance.Upstream.Yamaguchi.ClassFieldTheory.LubinTate.Padic.CompletedPrimitiveAction (9.4s)
✔ [4839/4851] Built UnitDistance.Upstream.Yamaguchi.ClassFieldTheory.LubinTate.Padic.CompletedFrobeniusLift (4.7s)
✔ [4840/4854] Built UnitDistance.Upstream.Yamaguchi.ClassFieldTheory.LubinTate.Padic.CompletedChangedUniformizerPrimitive (8.7s)
✔ [4841/4854] Built UnitDistance.Upstream.Yamaguchi.ValuedFieldTheory.Valuation.DiscreteValuationField.AmbientUniformizer (7.4s)
✔ [4842/4854] Built UnitDistance.Upstream.Yamaguchi.ClassFieldTheory.LubinTate.Padic.CompletedStandardLevelTransport (22s)
✔ [4843/4854] Built UnitDistance.Upstream.Yamaguchi.ClassFieldTheory.LubinTate.Padic.CompletedFrobeniusEvaluation (8.9s)
✔ [4844/4856] Built UnitDistance.Upstream.Yamaguchi.ClassFieldTheory.LubinTate.Padic.CompletedPrimitiveUniformizer (16s)
✔ [4845/4856] Built UnitDistance.Upstream.Yamaguchi.ClassFieldTheory.LubinTate.Padic.CompletedChangedUniformizerThetaFixed (3.5s)
✔ [4846/4857] Built UnitDistance.Upstream.Yamaguchi.ClassFieldTheory.LubinTate.Padic.CompletedResidueFrobenius (5.0s)
✔ [4848/4858] Built UnitDistance.Upstream.Yamaguchi.ClassFieldTheory.LubinTate.Padic.CompletedChangedUniformizerFixedField (6.7s)
✔ [4849/4858] Built UnitDistance.Upstream.Yamaguchi.ValuedFieldTheory.LocalField.Padic.Cyclotomic.TotallyRamified.EisensteinPolynomial (4.0s)
✔ [4851/4863] Built UnitDistance.Upstream.Yamaguchi.ClassFieldTheory.LubinTate.Padic.CompletedChangedStandardCompositum (6.5s)
✔ [4853/4863] Built UnitDistance.Upstream.Yamaguchi.ClassFieldTheory.LubinTate.Padic.CompletedChangedStandardFixedField (4.1s)
✔ [4855/4863] Built UnitDistance.Upstream.Yamaguchi.ClassFieldTheory.LubinTate.Padic.CompletedChangedStandardUnramified (24s)
✔ [4857/4863] Built UnitDistance.Upstream.Yamaguchi.ClassFieldTheory.LubinTate.Padic.CompletedChangedStandardResidue (19s)
✔ [4858/4863] Built UnitDistance.Upstream.Yamaguchi.ClassFieldTheory.LubinTate.Padic.CompletedChangedStandardFrobenius (21s)
✔ [4859/4863] Built UnitDistance.Upstream.Yamaguchi.ClassFieldTheory.LocalClassFieldTheory.LubinTateApplication.PadicMultiplicativeArtinComparison (36s)
✔ [4860/4863] Built UnitDistance.Upstream.Yamaguchi.ClassFieldTheory.GlobalClassFieldTheory.Reciprocity.RationalCyclotomicFinitePlaceArtin (170s)
✔ [4861/4864] Built UnitDistance.Upstream.Yamaguchi.ClassFieldTheory.GlobalClassFieldTheory.Reciprocity.RationalCyclotomicPrincipalAwayProduct (26s)
✔ [4862/4864] Built UnitDistance.Upstream.Yamaguchi.ClassFieldTheory.GlobalClassFieldTheory.Reciprocity.RationalCyclotomicPrincipalPrimeFactor (3.6s)
✔ [4886/4892] Built UnitDistance.Upstream.Yamaguchi.ClassFieldTheory.GlobalClassFieldTheory.Reciprocity.RationalCyclotomicCharacterRigidity (3.4s)
✔ [4887/4896] Built UnitDistance.Upstream.Yamaguchi.ClassFieldTheory.GlobalClassFieldTheory.Reciprocity.InfiniteGlobalArtin (29s)
✔ [4888/4896] Built UnitDistance.Upstream.Yamaguchi.ClassFieldTheory.GlobalClassFieldTheory.Reciprocity.CyclotomicIdeleValue (34s)
✔ [4889/4896] Built UnitDistance.Upstream.Yamaguchi.ClassFieldTheory.AlgebraicNumberTheory.Idele.NormTopology.FiniteNormArithmetic (6.3s)
✔ [4890/4896] Built UnitDistance.Upstream.Yamaguchi.ClassFieldTheory.GlobalClassFieldTheory.Reciprocity.CyclotomicPrincipalIdele (38s)
✔ [4891/4896] Built UnitDistance.Upstream.Yamaguchi.ClassFieldTheory.AlgebraicNumberTheory.Idele.NormTopology.ExtensionBehavior (5.8s)
✔ [4892/4896] Built UnitDistance.Upstream.Yamaguchi.ClassFieldTheory.GlobalClassFieldTheory.Reciprocity.RationalCyclotomicZHatRigidity (20s)
✔ [4893/4896] Built UnitDistance.Upstream.Yamaguchi.ClassFieldTheory.GlobalClassFieldTheory.Reciprocity.CyclotomicNormOneCorrection (5.6s)
✔ [4894/4896] Built UnitDistance.Upstream.Yamaguchi.ClassFieldTheory.GlobalClassFieldTheory.Reciprocity.RationalCyclotomicPrincipalProduct (7.6s)
✔ [4895/4907] Built UnitDistance.Upstream.Yamaguchi.ClassFieldTheory.GlobalClassFieldTheory.Reciprocity.CyclotomicIdeleValueTopology (6.3s)
✔ [4899/4907] Built UnitDistance.Upstream.Yamaguchi.ClassFieldTheory.AlgebraicNumberTheory.Idele.NormTopology.ArchimedeanNorm (5.9s)
✔ [4905/4919] Built UnitDistance.Upstream.Yamaguchi.ClassFieldTheory.AlgebraicNumberTheory.Idele.NormTopology.IdeleClassNorm (5.4s)
✔ [4909/4922] Built UnitDistance.Upstream.Yamaguchi.ClassFieldTheory.GlobalClassFieldTheory.Reciprocity.CyclotomicIdeleClassValuation (49s)
✔ [4915/4925] Built UnitDistance.Upstream.Yamaguchi.ClassFieldTheory.AbstractClassFieldTheory.Reciprocity.MaximalUnramifiedSymbol (5.9s)
✔ [4916/4925] Built UnitDistance.Upstream.Yamaguchi.ClassFieldTheory.AbstractClassFieldTheory.Reciprocity.MaximalUnramifiedReciprocity (3.6s)
✔ [4918/4927] Built UnitDistance.Upstream.Yamaguchi.ClassFieldTheory.AlgebraicNumberTheory.Idele.Extension.OnePlaceBaseNorm (7.2s)
✔ [4919/4927] Built UnitDistance.Upstream.Yamaguchi.ClassFieldTheory.GlobalClassFieldTheory.Reciprocity.FiniteGaloisRealizationFinitePlace (4.3s)
✔ [4920/4928] Built UnitDistance.Upstream.Yamaguchi.ValuedFieldTheory.LocalField.Padic.ClosedAddSubgroup (2.0s)
✔ [4921/4928] Built UnitDistance.Upstream.Yamaguchi.ClassFieldTheory.GlobalClassFieldTheory.Reciprocity.FiniteGaloisRealizationNormQuotient (56s)
✔ [4922/4928] Built UnitDistance.Upstream.Yamaguchi.ClassFieldTheory.AbstractClassFieldTheory.Degree.PadicCyclicClosure (4.0s)
✔ [4923/4928] Built UnitDistance.Upstream.Yamaguchi.ClassFieldTheory.GlobalClassFieldTheory.Reciprocity.FinitePlaceCyclotomicFrobeniusLift (25s)
✔ [4924/4929] Built UnitDistance.Upstream.Yamaguchi.ClassFieldTheory.GlobalClassFieldTheory.Reciprocity.FiniteGaloisRealization (77s)
✔ [4925/4929] Built UnitDistance.Upstream.Yamaguchi.ClassFieldTheory.GlobalClassFieldTheory.Reciprocity.GlobalNormResidue (22s)
✔ [4926/4929] Built UnitDistance.Upstream.Yamaguchi.ClassFieldTheory.GlobalClassFieldTheory.GlobalClassFields.ClassFieldRealization (5.1s)
✔ [4927/4930] Built UnitDistance.Upstream.Yamaguchi.ClassFieldTheory.GlobalClassFieldTheory.Reciprocity.LocalGlobalArtinCompatibility.SeparableClosurePadicLift (22s)
✔ [4928/4933] Built UnitDistance.Upstream.Yamaguchi.ClassFieldTheory.GlobalClassFieldTheory.Reciprocity.LocalGlobalArtinCompatibility.FinitePadicCyclicData (16s)
✔ [4929/4936] Built UnitDistance.Upstream.Yamaguchi.ClassFieldTheory.GlobalClassFieldTheory.Reciprocity.AbstractFixedFieldGlobalNormResidue (194s)
✔ [4930/4936] Built UnitDistance.Upstream.Yamaguchi.ClassFieldTheory.GlobalClassFieldTheory.Reciprocity.CyclotomicAbstractFixedFieldArtin (138s)
✔ [4931/4936] Built UnitDistance.Upstream.Yamaguchi.ClassFieldTheory.GlobalClassFieldTheory.Reciprocity.GlobalNormResidueNaturality (125s)
✔ [4932/4938] Built UnitDistance.Upstream.Yamaguchi.ClassFieldTheory.GlobalClassFieldTheory.Reciprocity.CyclotomicUnramifiedRestriction (24s)
✔ [4933/4938] Built UnitDistance.Upstream.Yamaguchi.ClassFieldTheory.GlobalClassFieldTheory.Reciprocity.CyclotomicUnramifiedGeometricRestriction (61s)
✔ [4934/4938] Built UnitDistance.Upstream.Yamaguchi.ClassFieldTheory.GlobalClassFieldTheory.Reciprocity.OnePlaceNormKernel (8.4s)
✔ [4935/4939] Built UnitDistance.Upstream.Yamaguchi.ClassFieldTheory.GlobalClassFieldTheory.Reciprocity.CyclotomicUnramifiedLocalGlobalCompatibility (40s)
✔ [4936/4941] Built UnitDistance.Upstream.Yamaguchi.ClassFieldTheory.GlobalClassFieldTheory.Reciprocity.LocalGlobalArtinCompatibility.FinitePadicAuxiliaryField (69s)
✔ [4937/4941] Built UnitDistance.Upstream.Yamaguchi.ClassFieldTheory.AlgebraicNumberTheory.Idele.Extension.InfiniteOnePlaceBaseNorm (4.5s)
✔ [4938/4943] Built UnitDistance.Upstream.Yamaguchi.ClassFieldTheory.GlobalClassFieldTheory.Reciprocity.LocalGlobalArtinCompatibility.Factorization (17s)
✔ [4940/4944] Built UnitDistance.Upstream.Yamaguchi.ClassFieldTheory.GlobalClassFieldTheory.Reciprocity.ComplexificationArtin.RationalComplexification (8.1s)
✔ [4941/4945] Built UnitDistance.Upstream.Yamaguchi.ClassFieldTheory.GlobalClassFieldTheory.Reciprocity.ComplexificationArtin.NumberFieldComplexification (14s)
✔ [4942/4947] Built UnitDistance.Upstream.Yamaguchi.ClassFieldTheory.GlobalClassFieldTheory.Reciprocity.ComplexificationArtin.InfinitePlaceOverfield (10s)
✔ [4943/4947] Built UnitDistance.Upstream.Yamaguchi.ClassFieldTheory.GlobalClassFieldTheory.Reciprocity.ComplexificationArtin.RamifiedOverextension (10s)
✔ [4944/4947] Built UnitDistance.Upstream.Yamaguchi.ClassFieldTheory.GlobalClassFieldTheory.Reciprocity.ComplexificationArtin.OverextensionArtin (62s)
✔ [4945/4947] Built UnitDistance.Upstream.Yamaguchi.ClassFieldTheory.GlobalClassFieldTheory.Reciprocity.ComplexificationArtin.InfinitePlaceCompatibility (47s)
✔ [4946/4951] Built UnitDistance.Upstream.Yamaguchi.ClassFieldTheory.GlobalClassFieldTheory.Reciprocity.InfiniteLocalGlobalArtinCompatibility (11s)
✔ [4947/4951] Built UnitDistance.Upstream.Yamaguchi.ClassFieldTheory.GlobalClassFieldTheory.GlobalClassFields.Conductor (7.4s)
✔ [4948/4956] Built UnitDistance.Upstream.Yamaguchi.ClassFieldTheory.AlgebraicNumberTheory.RayClass.LocalConductor (4.0s)
✔ [4949/4957] Built UnitDistance.Upstream.Yamaguchi.ClassFieldTheory.GlobalClassFieldTheory.GlobalClassFields.ConductorLocalComparison (8.1s)
✔ [4950/4957] Built UnitDistance.Upstream.Yamaguchi.ClassFieldTheory.GlobalClassFieldTheory.GlobalClassFields.ConductorLattice (6.2s)
✔ [4951/4957] Built UnitDistance.Upstream.Yamaguchi.ClassFieldTheory.GlobalClassFieldTheory.GlobalClassFields.ConductorSupport (9.3s)
✔ [4952/4957] Built UnitDistance.Upstream.Yamaguchi.SawinTotallyRealTowers.QuadraticClosure (4.7s)
✔ [4953/4957] Built UnitDistance.Upstream.Yamaguchi.ClassFieldTheory.GlobalClassFieldTheory.GlobalClassFields.ConductorRayClassMaximality (18s)
✔ [4954/4958] Built UnitDistance.Upstream.Yamaguchi.ClassFieldTheory.GlobalClassFieldTheory.GlobalClassFields.NormConductor (47s)
✔ [4955/4958] Built UnitDistance.Upstream.Yamaguchi.ClassFieldTheory.GlobalClassFieldTheory.Reciprocity.TopologicalGlobalNormResidue (47s)
✔ [4957/4972] Built UnitDistance.Upstream.Yamaguchi.ClassFieldTheory.GlobalClassFieldTheory.Reciprocity.GlobalArtinCompatibility (21s)
✔ [4971/4980] Built UnitDistance.Upstream.Yamaguchi.SawinTotallyRealTowers.QuadraticReality (8.0s)
✔ [4980/4988] Built UnitDistance.Upstream.Yamaguchi.SawinTotallyRealTowers.QuadraticSupportedGenerator (7.9s)
✔ [4988/4988] Built UnitDistance.Upstream.Yamaguchi.SawinTotallyRealTowers.QuadraticClosureClassification (6.5s)
Build completed successfully (4988 jobs).
