✔ [1586/1598] Built UnitDistance.Upstream.Yamaguchi.ProCGroups.Generation.Basic (3.4s)
✔ [1590/1599] Built UnitDistance.Upstream.Yamaguchi.ProCGroups.InverseSystems.Utilities (1.7s)
✔ [1591/1599] Built UnitDistance.Upstream.Yamaguchi.ProCGroups.InverseSystems.Basic (5.8s)
✔ [1592/1599] Built UnitDistance.Upstream.Yamaguchi.ProCGroups.FiniteGroups.Classes (2.6s)
✔ [1593/1599] Built UnitDistance.Upstream.Yamaguchi.ProCGroups.Profinite.OpenSubgroups (2.1s)
✔ [1594/1599] Built UnitDistance.Upstream.Yamaguchi.ProCGroups.InverseSystems.CompatibilityAndSurjectivity (2.8s)
✔ [1595/1604] Built UnitDistance.Upstream.Yamaguchi.ProCGroups.FiniteGroups.AllFinite (1.8s)
✔ [1596/1604] Built UnitDistance.Upstream.Yamaguchi.ProCGroups.InverseSystems.CofinalityAndDensity (2.4s)
✔ [1597/1604] Built UnitDistance.Upstream.Yamaguchi.ProCGroups.FiniteGroups.StandardClasses (3.3s)
✔ [1598/1606] Built UnitDistance.Upstream.Yamaguchi.ProCGroups.Topologies.ContinuousMonoidHom (2.6s)
✔ [1599/1606] Built UnitDistance.Upstream.Yamaguchi.ProCGroups.ProC.OpenNormalSubgroups.ClosedAndCosets (2.4s)
✔ [1600/1606] Built UnitDistance.Upstream.Yamaguchi.ProCGroups.InverseSystems.ProjectionImageSystems (2.6s)
✔ [1601/1606] Built UnitDistance.Upstream.Yamaguchi.ProCGroups.Topologies.ContinuousMulEquiv (2.3s)
✔ [1602/1606] Built UnitDistance.Upstream.Yamaguchi.ProCGroups.Profinite.Basic (2.3s)
✔ [1603/1611] Built UnitDistance.Upstream.Yamaguchi.ProCGroups.Topologies.QuotientMaps (4.0s)
✔ [1604/1611] Built UnitDistance.Upstream.Yamaguchi.ProCGroups.ProC.OpenNormalSubgroups.Basic (2.8s)
✔ [1605/1611] Built UnitDistance.Upstream.Yamaguchi.ProCGroups.ProC.OpenNormalSubgroups.BasisAtOne (1.7s)
✔ [1606/1611] Built UnitDistance.Upstream.Yamaguchi.ProCGroups.Generation.QuotientCriteria (2.7s)
✔ [1607/1611] Built UnitDistance.Upstream.Yamaguchi.ProCGroups.ProC.OpenNormalSubgroups.ProCGroup (4.7s)
✔ [1608/1611] Built UnitDistance.Upstream.Yamaguchi.ProCGroups.ProC.InverseLimits.FiniteQuotients (3.3s)
✔ [1609/1613] Built UnitDistance.Upstream.Yamaguchi.ProCGroups.ProC.InverseLimits.Predicates (2.4s)
✔ [1610/1613] Built UnitDistance.Upstream.Yamaguchi.ProCGroups.Completion.UniversalProperty (3.1s)
✔ [1612/1639] Built UnitDistance.Upstream.Yamaguchi.ProCGroups.Generation.Convergence (3.3s)
✔ [1623/1639] Built UnitDistance.Upstream.Yamaguchi.ProCGroups.ProC.OpenNormalSubgroups.FilteredFamilies (3.2s)
✔ [1624/1639] Built UnitDistance.Upstream.Yamaguchi.ProCGroups.InverseSystems.ProfiniteSpace (2.3s)
✔ [1625/1639] Built UnitDistance.Upstream.Yamaguchi.ProCGroups.InverseSystems.FiniteStageFactorization (6.4s)
✔ [1626/1639] Built UnitDistance.Upstream.Yamaguchi.ProCGroups.ProC.InverseLimits.Limits (3.8s)
✔ [1627/1639] Built UnitDistance.Upstream.Yamaguchi.ProCGroups.ProC.Subgroups.Closed (3.0s)
✔ [1628/1642] Built UnitDistance.Upstream.Yamaguchi.ProCGroups.ProC.Subgroups.Products (3.4s)
✔ [1629/1643] Built UnitDistance.Upstream.Yamaguchi.ProCGroups.ProC.Quotients.LeftQuotientMaps (2.4s)
✔ [1631/1644] Built UnitDistance.Upstream.Yamaguchi.ProCGroups.ProC.Quotients.ClosedSubgroupNeighborhoods (2.4s)
✔ [1634/1644] Built UnitDistance.Upstream.Yamaguchi.ProCGroups.ProC.Quotients.OpenSubgroupSections (3.0s)
✔ [1637/1646] Built UnitDistance.Upstream.Yamaguchi.ProCGroups.ProC.Quotients.DescendingClosedSubgroupQuotients (2.2s)
✔ [1638/1648] Built UnitDistance.Upstream.Yamaguchi.ProCGroups.ProC.Quotients.LeftQuotientProjectionSections (4.2s)
✔ [1640/1648] Built UnitDistance.Upstream.Yamaguchi.ProCGroups.ProC.Quotients.ClosedNormal (3.8s)
✔ [1641/1648] Built UnitDistance.Upstream.Yamaguchi.ProCGroups.Generation.GeneratorConvergingPairs (5.5s)
✔ [1644/1649] Built UnitDistance.Upstream.Yamaguchi.ProCGroups.Generation.QuotientGeneratorConvergingPairs (9.2s)
✔ [1646/1652] Built UnitDistance.Upstream.Yamaguchi.ProCGroups.FiniteGeneration.Basic (2.7s)
✔ [1648/1703] Built UnitDistance.Upstream.Yamaguchi.ProCGroups.FiniteGeneration.CharacteristicChainsAndIndices (3.1s)
✔ [2050/2055] Built UnitDistance.Upstream.Yamaguchi.ProCGroups.Topologies.TopologicallyCharacteristicSubgroups (3.6s)
✔ [2051/2055] Built UnitDistance.Upstream.Yamaguchi.ProCGroups.ProC.OpenNormalSubgroups.LimitPresentation (4.6s)
✔ [2052/2055] Built UnitDistance.Upstream.Yamaguchi.ProCGroups.ProC.Category.Basic (2.4s)
✔ [2053/2055] Built UnitDistance.Upstream.Yamaguchi.ProCGroups.FreeProC.Basic (10s)
✔ [2054/2137] Built UnitDistance.Upstream.Yamaguchi.ProCGroups.Presentations.Profinite (2.0s)
✔ [2446/2462] Built UnitDistance.Upstream.Yamaguchi.GaloisCohomology.ProP.TrivialZModP (4.2s)
✔ [2455/2462] Built UnitDistance.Upstream.Yamaguchi.ProCGroups.ProP.FinitePGroupMaximal (2.5s)
✔ [2456/2462] Built UnitDistance.Upstream.Yamaguchi.GaloisCohomology.ProP.FiniteTransgression (9.2s)
✔ [2457/2462] Built UnitDistance.Upstream.Yamaguchi.GaloisCohomology.ProP.QuotientRestriction (2.5s)
✔ [2458/2464] Built UnitDistance.Upstream.Yamaguchi.ProCGroups.Cohomology.FiniteInvariantCharacter (2.7s)
✔ [2459/2464] Built UnitDistance.Upstream.Yamaguchi.GaloisCohomology.ProP.FiniteTransgressionKernel (10s)
✔ [2460/2467] Built UnitDistance.Upstream.Yamaguchi.ProCGroups.Cohomology.InvariantCharacterFiniteStage (2.8s)
✔ [2461/2468] Built UnitDistance.Upstream.Yamaguchi.GaloisCohomology.ProP.FiniteStageTransgression (2.9s)
✔ [2463/2468] Built UnitDistance.Upstream.Yamaguchi.GaloisCohomology.ProP.FiniteStageTransgressionPrimitive (6.6s)
✔ [2464/2468] Built UnitDistance.Upstream.Yamaguchi.ProCGroups.Cohomology.InvariantCharacterFiniteFamily (2.5s)
✔ [2465/2470] Built UnitDistance.Upstream.Yamaguchi.GaloisCohomology.ProP.FiniteTransgressionLinear (5.1s)
✔ [2466/2472] Built UnitDistance.Upstream.Yamaguchi.GaloisCohomology.ProP.FiniteStageTransgressionKernel (4.4s)
✔ [2467/2472] Built UnitDistance.Upstream.Yamaguchi.GaloisCohomology.ProP.FiniteStageTransgressionLinear (5.3s)
✔ [2468/2472] Built UnitDistance.Upstream.Yamaguchi.ProCGroups.ProP.FrattiniPowers (2.2s)
✔ [2470/2472] Built UnitDistance.Upstream.Yamaguchi.ProCGroups.ProP.ContinuousH1 (2.8s)
✔ [2471/2475] Built UnitDistance.Upstream.Yamaguchi.GaloisCohomology.ProP.ClosedKernelH2FiniteFamily (4.2s)
✔ [2472/2475] Built UnitDistance.Upstream.Yamaguchi.ProCGroups.FreeProC.FiniteBasis (3.1s)
✔ [2473/2475] Built UnitDistance.Upstream.Yamaguchi.ProCGroups.ProP.Presentation.Basic (2.3s)
✔ [2474/2478] Built UnitDistance.Upstream.Yamaguchi.GaloisCohomology.ProP.PresentationQuotientEquiv (3.6s)
✔ [2475/2478] Built UnitDistance.Upstream.Yamaguchi.ProCGroups.ProP.FrattiniQuotient (2.2s)
✔ [2476/2478] Built UnitDistance.Upstream.Yamaguchi.ProCGroups.ProP.Presentation.Minimal (2.8s)
✔ [2477/2482] Built UnitDistance.Upstream.Yamaguchi.GaloisCohomology.ProP.InvariantKernelH1 (4.2s)
✔ [2480/2483] Built UnitDistance.Upstream.Yamaguchi.ProCGroups.Frattini (2.1s)
✔ [2481/2486] Built UnitDistance.Upstream.Yamaguchi.ProCGroups.ProP.FiniteFrattini (3.2s)
✔ [2482/2490] Built UnitDistance.Upstream.Yamaguchi.ProCGroups.Categorical.AlgebraicPullbacks (3.0s)
✔ [2483/2495] Built UnitDistance.Upstream.Yamaguchi.ProCGroups.TopologicalGroups (2.0s)
✔ [2484/2495] Built UnitDistance.Upstream.Yamaguchi.ProCGroups.GroupTheory.CentralizerNormalizerCommensurator (2.3s)
✔ [2485/2498] Built UnitDistance.Upstream.Yamaguchi.ProCGroups.Categorical.ProfinitePullbacks (5.3s)
✔ [2486/2498] Built UnitDistance.Upstream.Yamaguchi.ProCGroups.ProP.ElementaryAbelianRank (2.9s)
✔ [2487/2498] Built UnitDistance.Upstream.Yamaguchi.ProCGroups.Categorical.QuotientPullbackEquivalences (4.5s)
✔ [2488/2498] Built UnitDistance.Upstream.Yamaguchi.ProCGroups.ProC.OpenNormalSubgroups.Separation (3.0s)
✔ [2489/2498] Built UnitDistance.Upstream.Yamaguchi.ProCGroups.Cohomology.RelativeNakayama (3.2s)
✔ [2490/2498] Built UnitDistance.Upstream.Yamaguchi.ProCGroups.ProP.ProfiniteFrattini (2.8s)
✔ [2491/2498] Built UnitDistance.Upstream.Yamaguchi.ProCGroups.ProP.BurnsideBasis (2.6s)
✔ [2492/2498] Built UnitDistance.Upstream.Yamaguchi.ProCGroups.ProP.GeneratorRank (2.7s)
✔ [2493/2501] Built UnitDistance.Upstream.Yamaguchi.ProCGroups.ProP.Presentation.GeneratorRank (3.1s)
✔ [2494/2507] Built UnitDistance.Upstream.Yamaguchi.ProCGroups.ProP.Presentation.RelationCardinal (2.6s)
✔ [2495/2507] Built UnitDistance.Upstream.Yamaguchi.GaloisCohomology.ProP.ContinuousH1Bridge (11s)
✔ [2496/2507] Built UnitDistance.Upstream.Yamaguchi.ProCGroups.ProP.Presentation.RelationNakayama (2.8s)
✔ [2497/2507] Built UnitDistance.Upstream.Yamaguchi.ProCGroups.Cohomology.FreeProPProjective (2.6s)
✔ [2498/2507] Built UnitDistance.Upstream.Yamaguchi.GaloisCohomology.ProP.FreeProPH2Cocycle (6.7s)
✔ [2499/2507] Built UnitDistance.Upstream.Yamaguchi.GaloisCohomology.ProP.RelationRankH1 (4.9s)
✔ [2500/2507] Built UnitDistance.Upstream.Yamaguchi.GaloisCohomology.ProP.H2CocycleExtension (4.6s)
✔ [2501/2507] Built UnitDistance.Upstream.Yamaguchi.GaloisCohomology.ProP.PresentationH2LowerBound (7.7s)
✔ [2502/2507] Built UnitDistance.Upstream.Yamaguchi.GaloisCohomology.ProP.FreeProPH2 (4.7s)
✔ [2503/2507] Built UnitDistance.Upstream.Yamaguchi.GaloisCohomology.ProP.PresentationH2Primitive (9.4s)
✔ [2504/2508] Built UnitDistance.Upstream.Yamaguchi.GaloisCohomology.ProP.PresentationH2KernelCharacter (6.2s)
✔ [2505/2509] Built UnitDistance.Upstream.Yamaguchi.GaloisCohomology.ProP.PresentationH2UpperBound (7.1s)
✔ [2507/2614] Built UnitDistance.Upstream.Yamaguchi.GaloisCohomology.ProP.RelationRankH2 (2.3s)
✔ [2783/2786] Built UnitDistance.SpecifiedRelators (2.9s)
✔ [2784/2786] Built UnitDistance.Upstream.Yamaguchi.ClassFieldTheory.AlgebraicNumberTheory.SeparableClosureEmbedding (3.2s)
✔ [2785/2786] Built UnitDistance.Upstream.Yamaguchi.ClassFieldTheory.AlgebraicNumberTheory.FiniteAbelianCompositum (7.3s)
✔ [2786/2786] Built UnitDistance.Upstream.Yamaguchi (2.8s)
Build completed successfully (2786 jobs).
Audited all 2891 project declarations (including private auxiliaries and attributed ports); their complete transitive axiom union is [Quot.sound,
 Classical.choice,
 propext].
Axiom audit: starting environment selection.
Axiom audit: 2891 project declarations selected.
Axiom audit: beginning ProCGroups.FiniteGroupClass.objectProperty.
Axiom audit: beginning ProCGroups.ProfiniteGrp.eq_one_of_mem_all_openNormalSubgroups.
Axiom audit: beginning ProCGroups.Generation.chainUpperBoundOfNonempty._proof_3.
Axiom audit: 500/2891 complete transitive axiom closures checked.
Axiom audit: 1000/2891 complete transitive axiom closures checked.
Axiom audit: 1500/2891 complete transitive axiom closures checked.
Axiom audit: 2000/2891 complete transitive axiom closures checked.
Axiom audit: 2500/2891 complete transitive axiom closures checked.
'UnitDistance.SpecifiedRelators.closedNormalClosure_eq_of_dual_characters' depends on axioms: [propext,
 Classical.choice,
 Quot.sound]
